Component: ARM Compiler 5.06 update 6 (build 750) Tool: armlink [4d35ed]

==============================================================================

Section Cross References

    startup_stm32f103xb.o(RESET) refers to startup_stm32f103xb.o(STACK) for __initial_sp
    startup_stm32f103xb.o(RESET) refers to startup_stm32f103xb.o(.text) for Reset_Handler
    startup_stm32f103xb.o(RESET) refers to stm32f1xx_it.o(i.NMI_Handler) for NMI_Handler
    startup_stm32f103xb.o(RESET) refers to stm32f1xx_it.o(i.HardFault_Handler) for HardFault_Handler
    startup_stm32f103xb.o(RESET) refers to stm32f1xx_it.o(i.MemManage_Handler) for MemManage_Handler
    startup_stm32f103xb.o(RESET) refers to stm32f1xx_it.o(i.BusFault_Handler) for BusFault_Handler
    startup_stm32f103xb.o(RESET) refers to stm32f1xx_it.o(i.UsageFault_Handler) for UsageFault_Handler
    startup_stm32f103xb.o(RESET) refers to stm32f1xx_it.o(i.SVC_Handler) for SVC_Handler
    startup_stm32f103xb.o(RESET) refers to stm32f1xx_it.o(i.DebugMon_Handler) for DebugMon_Handler
    startup_stm32f103xb.o(RESET) refers to stm32f1xx_it.o(i.PendSV_Handler) for PendSV_Handler
    startup_stm32f103xb.o(RESET) refers to stm32f1xx_it.o(i.SysTick_Handler) for SysTick_Handler
    startup_stm32f103xb.o(RESET) refers to stm32f1xx_it.o(i.EXTI9_5_IRQHandler) for EXTI9_5_IRQHandler
    startup_stm32f103xb.o(.text) refers to system_stm32f1xx.o(i.SystemInit) for SystemInit
    startup_stm32f103xb.o(.text) refers to entry.o(.ARM.Collect$$$$00000000) for __main
    system_stm32f1xx.o(i.SystemCoreClockUpdate) refers to system_stm32f1xx.o(.data) for SystemCoreClock
    system_stm32f1xx.o(i.SystemCoreClockUpdate) refers to system_stm32f1xx.o(.constdata) for AHBPrescTable
    stm32f1xx_hal.o(i.HAL_DeInit) refers to stm32f1xx_hal.o(i.HAL_MspDeInit) for HAL_MspDeInit
    stm32f1xx_hal.o(i.HAL_Delay) refers to stm32f1xx_hal.o(i.HAL_GetTick) for HAL_GetTick
    stm32f1xx_hal.o(i.HAL_Delay) refers to stm32f1xx_hal.o(.data) for uwTickFreq
    stm32f1xx_hal.o(i.HAL_GetTick) refers to stm32f1xx_hal.o(.data) for uwTick
    stm32f1xx_hal.o(i.HAL_GetTickFreq) refers to stm32f1xx_hal.o(.data) for uwTickFreq
    stm32f1xx_hal.o(i.HAL_GetTickPrio) refers to stm32f1xx_hal.o(.data) for uwTickPrio
    stm32f1xx_hal.o(i.HAL_IncTick) refers to stm32f1xx_hal.o(.data) for uwTick
    stm32f1xx_hal.o(i.HAL_Init) refers to stm32f1xx_hal_cortex.o(i.HAL_NVIC_SetPriorityGrouping) for HAL_NVIC_SetPriorityGrouping
    stm32f1xx_hal.o(i.HAL_Init) refers to stm32f1xx_hal.o(i.HAL_InitTick) for HAL_InitTick
    stm32f1xx_hal.o(i.HAL_Init) refers to stm32f1xx_hal.o(i.HAL_MspInit) for HAL_MspInit
    stm32f1xx_hal.o(i.HAL_InitTick) refers to stm32f1xx_hal_cortex.o(i.HAL_SYSTICK_Config) for HAL_SYSTICK_Config
    stm32f1xx_hal.o(i.HAL_InitTick) refers to stm32f1xx_hal_cortex.o(i.HAL_NVIC_SetPriority) for HAL_NVIC_SetPriority
    stm32f1xx_hal.o(i.HAL_InitTick) refers to stm32f1xx_hal.o(.data) for uwTickFreq
    stm32f1xx_hal.o(i.HAL_InitTick) refers to system_stm32f1xx.o(.data) for SystemCoreClock
    stm32f1xx_hal.o(i.HAL_SetTickFreq) refers to stm32f1xx_hal.o(i.HAL_InitTick) for HAL_InitTick
    stm32f1xx_hal.o(i.HAL_SetTickFreq) refers to stm32f1xx_hal.o(.data) for uwTickFreq
    stm32f1xx_hal_adc.o(i.ADC_ConversionStop_Disable) refers to stm32f1xx_hal.o(i.HAL_GetTick) for HAL_GetTick
    stm32f1xx_hal_adc.o(i.ADC_DMAConvCplt) refers to stm32f1xx_hal_adc.o(i.HAL_ADC_ConvCpltCallback) for HAL_ADC_ConvCpltCallback
    stm32f1xx_hal_adc.o(i.ADC_DMAError) refers to stm32f1xx_hal_adc.o(i.HAL_ADC_ErrorCallback) for HAL_ADC_ErrorCallback
    stm32f1xx_hal_adc.o(i.ADC_DMAHalfConvCplt) refers to stm32f1xx_hal_adc.o(i.HAL_ADC_ConvHalfCpltCallback) for HAL_ADC_ConvHalfCpltCallback
    stm32f1xx_hal_adc.o(i.ADC_Enable) refers to stm32f1xx_hal.o(i.HAL_GetTick) for HAL_GetTick
    stm32f1xx_hal_adc.o(i.ADC_Enable) refers to system_stm32f1xx.o(.data) for SystemCoreClock
    stm32f1xx_hal_adc.o(i.HAL_ADC_ConfigChannel) refers to system_stm32f1xx.o(.data) for SystemCoreClock
    stm32f1xx_hal_adc.o(i.HAL_ADC_DeInit) refers to stm32f1xx_hal_adc.o(i.ADC_ConversionStop_Disable) for ADC_ConversionStop_Disable
    stm32f1xx_hal_adc.o(i.HAL_ADC_DeInit) refers to stm32f1xx_hal_adc.o(i.HAL_ADC_MspDeInit) for HAL_ADC_MspDeInit
    stm32f1xx_hal_adc.o(i.HAL_ADC_IRQHandler) refers to stm32f1xx_hal_adc.o(i.HAL_ADC_ConvCpltCallback) for HAL_ADC_ConvCpltCallback
    stm32f1xx_hal_adc.o(i.HAL_ADC_IRQHandler) refers to stm32f1xx_hal_adc_ex.o(i.HAL_ADCEx_InjectedConvCpltCallback) for HAL_ADCEx_InjectedConvCpltCallback
    stm32f1xx_hal_adc.o(i.HAL_ADC_IRQHandler) refers to stm32f1xx_hal_adc.o(i.HAL_ADC_LevelOutOfWindowCallback) for HAL_ADC_LevelOutOfWindowCallback
    stm32f1xx_hal_adc.o(i.HAL_ADC_Init) refers to stm32f1xx_hal_adc.o(i.HAL_ADC_MspInit) for HAL_ADC_MspInit
    stm32f1xx_hal_adc.o(i.HAL_ADC_Init) refers to stm32f1xx_hal_adc.o(i.ADC_ConversionStop_Disable) for ADC_ConversionStop_Disable
[...]
    Removing stm32f1xx_hal_tim_ex.o(i.HAL_TIMEx_ConfigCommutEvent_DMA), (164 bytes).
    Removing stm32f1xx_hal_tim_ex.o(i.HAL_TIMEx_ConfigCommutEvent_IT), (134 bytes).
    Removing stm32f1xx_hal_tim_ex.o(i.HAL_TIMEx_GetChannelNState), (38 bytes).
    Removing stm32f1xx_hal_tim_ex.o(i.HAL_TIMEx_HallSensor_DeInit), (96 bytes).
    Removing stm32f1xx_hal_tim_ex.o(i.HAL_TIMEx_HallSensor_GetState), (8 bytes).
    Removing stm32f1xx_hal_tim_ex.o(i.HAL_TIMEx_HallSensor_Init), (234 bytes).
    Removing stm32f1xx_hal_tim_ex.o(i.HAL_TIMEx_HallSensor_MspDeInit), (2 bytes).
    Removing stm32f1xx_hal_tim_ex.o(i.HAL_TIMEx_HallSensor_MspInit), (2 bytes).
    Removing stm32f1xx_hal_tim_ex.o(i.HAL_TIMEx_HallSensor_Start), (168 bytes).
    Removing stm32f1xx_hal_tim_ex.o(i.HAL_TIMEx_HallSensor_Start_DMA), (232 bytes).
    Removing stm32f1xx_hal_tim_ex.o(i.HAL_TIMEx_HallSensor_Start_IT), (180 bytes).
    Removing stm32f1xx_hal_tim_ex.o(i.HAL_TIMEx_HallSensor_Stop), (78 bytes).
    Removing stm32f1xx_hal_tim_ex.o(i.HAL_TIMEx_HallSensor_Stop_DMA), (84 bytes).
    Removing stm32f1xx_hal_tim_ex.o(i.HAL_TIMEx_HallSensor_Stop_IT), (90 bytes).
    Removing stm32f1xx_hal_tim_ex.o(i.HAL_TIMEx_MasterConfigSynchronization), (132 bytes).
    Removing stm32f1xx_hal_tim_ex.o(i.HAL_TIMEx_OCN_Start), (196 bytes).
    Removing stm32f1xx_hal_tim_ex.o(i.HAL_TIMEx_OCN_Start_DMA), (456 bytes).
    Removing stm32f1xx_hal_tim_ex.o(i.HAL_TIMEx_OCN_Start_IT), (276 bytes).
    Removing stm32f1xx_hal_tim_ex.o(i.HAL_TIMEx_OCN_Stop), (136 bytes).
    Removing stm32f1xx_hal_tim_ex.o(i.HAL_TIMEx_OCN_Stop_DMA), (220 bytes).
    Removing stm32f1xx_hal_tim_ex.o(i.HAL_TIMEx_OCN_Stop_IT), (230 bytes).
    Removing stm32f1xx_hal_tim_ex.o(i.HAL_TIMEx_OnePulseN_Start), (118 bytes).
    Removing stm32f1xx_hal_tim_ex.o(i.HAL_TIMEx_OnePulseN_Start_IT), (142 bytes).
    Removing stm32f1xx_hal_tim_ex.o(i.HAL_TIMEx_OnePulseN_Stop), (138 bytes).
    Removing stm32f1xx_hal_tim_ex.o(i.HAL_TIMEx_OnePulseN_Stop_IT), (162 bytes).
    Removing stm32f1xx_hal_tim_ex.o(i.HAL_TIMEx_PWMN_Start), (196 bytes).
    Removing stm32f1xx_hal_tim_ex.o(i.HAL_TIMEx_PWMN_Start_DMA), (456 bytes).
    Removing stm32f1xx_hal_tim_ex.o(i.HAL_TIMEx_PWMN_Start_IT), (276 bytes).
    Removing stm32f1xx_hal_tim_ex.o(i.HAL_TIMEx_PWMN_Stop), (136 bytes).
    Removing stm32f1xx_hal_tim_ex.o(i.HAL_TIMEx_PWMN_Stop_DMA), (220 bytes).
    Removing stm32f1xx_hal_tim_ex.o(i.HAL_TIMEx_PWMN_Stop_IT), (230 bytes).
    Removing stm32f1xx_hal_tim_ex.o(i.HAL_TIMEx_RemapConfig), (6 bytes).
    Removing stm32f1xx_hal_tim_ex.o(i.TIMEx_DMACommutationCplt), (20 bytes).
    Removing stm32f1xx_hal_tim_ex.o(i.TIMEx_DMACommutationHalfCplt), (20 bytes).
    Removing stm32f1xx_hal_tim_ex.o(i.TIM_CCxNChannelCmd), (34 bytes).
    Removing stm32f1xx_hal_tim_ex.o(i.TIM_DMADelayPulseNCplt), (104 bytes).
    Removing stm32f1xx_hal_tim_ex.o(i.TIM_DMAErrorCCxN), (68 bytes).
    Removing stm32f1xx_hal_uart.o(.rev16_text), (4 bytes).
    Removing stm32f1xx_hal_uart.o(.revsh_text), (4 bytes).
    Removing stm32f1xx_hal_uart.o(.rrx_text), (6 bytes).
    Removing stm32f1xx_hal_uart.o(i.HAL_HalfDuplex_EnableReceiver), (68 bytes).
    Removing stm32f1xx_hal_uart.o(i.HAL_HalfDuplex_EnableTransmitter), (68 bytes).
    Removing stm32f1xx_hal_uart.o(i.HAL_HalfDuplex_Init), (122 bytes).
    Removing stm32f1xx_hal_uart.o(i.HAL_LIN_Init), (146 bytes).
    Removing stm32f1xx_hal_uart.o(i.HAL_LIN_SendBreak), (80 bytes).
    Removing stm32f1xx_hal_uart.o(i.HAL_MultiProcessor_EnterMuteMode), (82 bytes).
    Removing stm32f1xx_hal_uart.o(i.HAL_MultiProcessor_ExitMuteMode), (82 bytes).
    Removing stm32f1xx_hal_uart.o(i.HAL_MultiProcessor_Init), (158 bytes).
    Removing stm32f1xx_hal_uart.o(i.HAL_UARTEx_GetRxEventType), (6 bytes).
    Removing stm32f1xx_hal_uart.o(i.HAL_UARTEx_ReceiveToIdle), (296 bytes).
    Removing stm32f1xx_hal_uart.o(i.HAL_UARTEx_ReceiveToIdle_DMA), (114 bytes).
    Removing stm32f1xx_hal_uart.o(i.HAL_UARTEx_ReceiveToIdle_IT), (114 bytes).
    Removing stm32f1xx_hal_uart.o(i.HAL_UARTEx_RxEventCallback), (2 bytes).
    Removing stm32f1xx_hal_uart.o(i.HAL_UART_Abort), (278 bytes).
    Removing stm32f1xx_hal_uart.o(i.HAL_UART_AbortCpltCallback), (2 bytes).
    Removing stm32f1xx_hal_uart.o(i.HAL_UART_AbortReceive), (194 bytes).
    Removing stm32f1xx_hal_uart.o(i.HAL_UART_AbortReceiveCpltCallback), (2 bytes).
    Removing stm32f1xx_hal_uart.o(i.HAL_UART_AbortReceive_IT), (216 bytes).
    Removing stm32f1xx_hal_uart.o(i.HAL_UART_AbortTransmit), (124 bytes).
    Removing stm32f1xx_hal_uart.o(i.HAL_UART_AbortTransmitCpltCallback), (2 bytes).
    Removing stm32f1xx_hal_uart.o(i.HAL_UART_AbortTransmit_IT), (144 bytes).
    Removing stm32f1xx_hal_uart.o(i.HAL_UART_Abort_IT), (328 bytes).
    Removing stm32f1xx_hal_uart.o(i.HAL_UART_DMAPause), (166 bytes).
    Removing stm32f1xx_hal_uart.o(i.HAL_UART_DMAResume), (170 bytes).
    Removing stm32f1xx_hal_uart.o(i.HAL_UART_DMAStop), (138 bytes).
    Removing stm32f1xx_hal_uart.o(i.HAL_UART_DeInit), (62 bytes).
    Removing stm32f1xx_hal_uart.o(i.HAL_UART_ErrorCallback), (2 bytes).
    Removing stm32f1xx_hal_uart.o(i.HAL_UART_GetError), (6 bytes).
    Removing stm32f1xx_hal_uart.o(i.HAL_UART_GetState), (20 bytes).
    Removing stm32f1xx_hal_uart.o(i.HAL_UART_IRQHandler), (740 bytes).
    Removing stm32f1xx_hal_uart.o(i.HAL_UART_MspDeInit), (2 bytes).
    Removing stm32f1xx_hal_uart.o(i.HAL_UART_MspInit), (2 bytes).
    Removing stm32f1xx_hal_uart.o(i.HAL_UART_Receive), (188 bytes).
    Removing stm32f1xx_hal_uart.o(i.HAL_UART_Receive_DMA), (44 bytes).
    Removing stm32f1xx_hal_uart.o(i.HAL_UART_Receive_IT), (44 bytes).
    Removing stm32f1xx_hal_uart.o(i.HAL_UART_RxCpltCallback), (2 bytes).
    Removing stm32f1xx_hal_uart.o(i.HAL_UART_RxHalfCpltCallback), (2 bytes).
    Removing stm32f1xx_hal_uart.o(i.HAL_UART_Transmit_DMA), (140 bytes).
    Removing stm32f1xx_hal_uart.o(i.HAL_UART_Transmit_IT), (56 bytes).
    Removing stm32f1xx_hal_uart.o(i.HAL_UART_TxCpltCallback), (2 bytes).
    Removing stm32f1xx_hal_uart.o(i.HAL_UART_TxHalfCpltCallback), (2 bytes).
    Removing stm32f1xx_hal_uart.o(i.UART_DMAAbortOnError), (20 bytes).
    Removing stm32f1xx_hal_uart.o(i.UART_DMAError), (80 bytes).
    Removing stm32f1xx_hal_uart.o(i.UART_DMAReceiveCplt), (180 bytes).
    Removing stm32f1xx_hal_uart.o(i.UART_DMARxAbortCallback), (56 bytes).
    Removing stm32f1xx_hal_uart.o(i.UART_DMARxHalfCplt), (36 bytes).
    Removing stm32f1xx_hal_uart.o(i.UART_DMARxOnlyAbortCallback), (28 bytes).
    Removing stm32f1xx_hal_uart.o(i.UART_DMATransmitCplt), (88 bytes).
    Removing stm32f1xx_hal_uart.o(i.UART_DMATxAbortCallback), (56 bytes).
    Removing stm32f1xx_hal_uart.o(i.UART_DMATxHalfCplt), (14 bytes).
    Removing stm32f1xx_hal_uart.o(i.UART_DMATxOnlyAbortCallback), (24 bytes).
    Removing stm32f1xx_hal_uart.o(i.UART_EndRxTransfer), (108 bytes).
    Removing stm32f1xx_hal_uart.o(i.UART_EndTransmit_IT), (32 bytes).
    Removing stm32f1xx_hal_uart.o(i.UART_EndTxTransfer), (38 bytes).
    Removing stm32f1xx_hal_uart.o(i.UART_Receive_IT), (252 bytes).
    Removing stm32f1xx_hal_uart.o(i.UART_Start_Receive_DMA), (200 bytes).
    Removing stm32f1xx_hal_uart.o(i.UART_Start_Receive_IT), (64 bytes).
    Removing stm32f1xx_hal_uart.o(i.UART_Transmit_IT), (96 bytes).
    Removing stm32f1xx_hal_usart.o(.rev16_text), (4 bytes).
    Removing stm32f1xx_hal_usart.o(.revsh_text), (4 bytes).
    Removing stm32f1xx_hal_usart.o(.rrx_text), (6 bytes).
    Removing stm32f1xx_hal_usart.o(i.HAL_USART_Abort), (122 bytes).
    Removing stm32f1xx_hal_usart.o(i.HAL_USART_AbortCpltCallback), (2 bytes).
    Removing stm32f1xx_hal_usart.o(i.HAL_USART_Abort_IT), (212 bytes).
    Removing stm32f1xx_hal_usart.o(i.HAL_USART_DMAPause), (50 bytes).
    Removing stm32f1xx_hal_usart.o(i.HAL_USART_DMAResume), (50 bytes).
    Removing stm32f1xx_hal_usart.o(i.HAL_USART_DMAStop), (102 bytes).
    Removing stm32f1xx_hal_usart.o(i.HAL_USART_DeInit), (54 bytes).
    Removing stm32f1xx_hal_usart.o(i.HAL_USART_ErrorCallback), (2 bytes).
    Removing stm32f1xx_hal_usart.o(i.HAL_USART_GetError), (6 bytes).
    Removing stm32f1xx_hal_usart.o(i.HAL_USART_GetState), (8 bytes).
    Removing stm32f1xx_hal_usart.o(i.HAL_USART_IRQHandler), (388 bytes).
    Removing stm32f1xx_hal_usart.o(i.HAL_USART_Init), (90 bytes).
    Removing stm32f1xx_hal_usart.o(i.HAL_USART_MspDeInit), (2 bytes).
    Removing stm32f1xx_hal_usart.o(i.HAL_USART_MspInit), (2 bytes).
    Removing stm32f1xx_hal_usart.o(i.HAL_USART_Receive), (238 bytes).
    Removing stm32f1xx_hal_usart.o(i.HAL_USART_Receive_DMA), (252 bytes).
    Removing stm32f1xx_hal_usart.o(i.HAL_USART_Receive_IT), (126 bytes).
    Removing stm32f1xx_hal_usart.o(i.HAL_USART_RxCpltCallback), (2 bytes).
    Removing stm32f1xx_hal_usart.o(i.HAL_USART_RxHalfCpltCallback), (2 bytes).
    Removing stm32f1xx_hal_usart.o(i.HAL_USART_Transmit), (204 bytes).
    Removing stm32f1xx_hal_usart.o(i.HAL_USART_TransmitReceive), (344 bytes).
    Removing stm32f1xx_hal_usart.o(i.HAL_USART_TransmitReceive_DMA), (272 bytes).
    Removing stm32f1xx_hal_usart.o(i.HAL_USART_TransmitReceive_IT), (136 bytes).
    Removing stm32f1xx_hal_usart.o(i.HAL_USART_Transmit_DMA), (156 bytes).
    Removing stm32f1xx_hal_usart.o(i.HAL_USART_Transmit_IT), (88 bytes).
    Removing stm32f1xx_hal_usart.o(i.HAL_USART_TxCpltCallback), (2 bytes).
    Removing stm32f1xx_hal_usart.o(i.HAL_USART_TxHalfCpltCallback), (2 bytes).
    Removing stm32f1xx_hal_usart.o(i.HAL_USART_TxRxCpltCallback), (2 bytes).
    Removing stm32f1xx_hal_usart.o(i.USART_DMAAbortOnError), (20 bytes).
    Removing stm32f1xx_hal_usart.o(i.USART_DMAError), (84 bytes).
    Removing stm32f1xx_hal_usart.o(i.USART_DMAReceiveCplt), (122 bytes).
    Removing stm32f1xx_hal_usart.o(i.USART_DMARxAbortCallback), (48 bytes).
    Removing stm32f1xx_hal_usart.o(i.USART_DMARxHalfCplt), (14 bytes).
    Removing stm32f1xx_hal_usart.o(i.USART_DMATransmitCplt), (70 bytes).
    Removing stm32f1xx_hal_usart.o(i.USART_DMATxAbortCallback), (48 bytes).
    Removing stm32f1xx_hal_usart.o(i.USART_DMATxHalfCplt), (14 bytes).
    Removing stm32f1xx_hal_usart.o(i.USART_EndRxTransfer), (32 bytes).
    Removing stm32f1xx_hal_usart.o(i.USART_EndTransmit_IT), (44 bytes).
    Removing stm32f1xx_hal_usart.o(i.USART_EndTxTransfer), (20 bytes).
    Removing stm32f1xx_hal_usart.o(i.USART_Receive_IT), (166 bytes).
    Removing stm32f1xx_hal_usart.o(i.USART_SetConfig), (444 bytes).
    Removing stm32f1xx_hal_usart.o(i.USART_TransmitReceive_IT), (254 bytes).
    Removing stm32f1xx_hal_usart.o(i.USART_Transmit_IT), (96 bytes).
    Removing stm32f1xx_hal_usart.o(i.USART_WaitOnFlagUntilTimeout), (128 bytes).
    Removing stm32f1xx_hal_wwdg.o(.rev16_text), (4 bytes).
    Removing stm32f1xx_hal_wwdg.o(.revsh_text), (4 bytes).
    Removing stm32f1xx_hal_wwdg.o(.rrx_text), (6 bytes).
    Removing stm32f1xx_hal_wwdg.o(i.HAL_WWDG_EarlyWakeupCallback), (2 bytes).
    Removing stm32f1xx_hal_wwdg.o(i.HAL_WWDG_IRQHandler), (40 bytes).
    Removing stm32f1xx_hal_wwdg.o(i.HAL_WWDG_Init), (44 bytes).
    Removing stm32f1xx_hal_wwdg.o(i.HAL_WWDG_MspInit), (2 bytes).
    Removing stm32f1xx_hal_wwdg.o(i.HAL_WWDG_Refresh), (12 bytes).
    Removing stm32f1xx_ll_usb.o(.rev16_text), (4 bytes).
    Removing stm32f1xx_ll_usb.o(.revsh_text), (4 bytes).
    Removing stm32f1xx_ll_usb.o(.rrx_text), (6 bytes).
    Removing stm32f1xx_ll_usb.o(i.USB_ActivateEndpoint), (1200 bytes).
    Removing stm32f1xx_ll_usb.o(i.USB_ActivateRemoteWakeup), (18 bytes).
    Removing stm32f1xx_ll_usb.o(i.USB_ClearInterrupts), (2 bytes).
    Removing stm32f1xx_ll_usb.o(i.USB_CoreInit), (8 bytes).
    Removing stm32f1xx_ll_usb.o(i.USB_DeActivateRemoteWakeup), (20 bytes).
    Removing stm32f1xx_ll_usb.o(i.USB_DeactivateEndpoint), (636 bytes).
    Removing stm32f1xx_ll_usb.o(i.USB_DevConnect), (6 bytes).
    Removing stm32f1xx_ll_usb.o(i.USB_DevDisconnect), (6 bytes).
    Removing stm32f1xx_ll_usb.o(i.USB_DevInit), (22 bytes).
    Removing stm32f1xx_ll_usb.o(i.USB_DisableGlobalInt), (20 bytes).
    Removing stm32f1xx_ll_usb.o(i.USB_EP0_OutStart), (6 bytes).
    Removing stm32f1xx_ll_usb.o(i.USB_EPClearStall), (218 bytes).
    Removing stm32f1xx_ll_usb.o(i.USB_EPSetStall), (92 bytes).
    Removing stm32f1xx_ll_usb.o(i.USB_EPStartXfer), (2640 bytes).
    Removing stm32f1xx_ll_usb.o(i.USB_EPStopXfer), (188 bytes).
    Removing stm32f1xx_ll_usb.o(i.USB_EnableGlobalInt), (18 bytes).
    Removing stm32f1xx_ll_usb.o(i.USB_FlushRxFifo), (6 bytes).
    Removing stm32f1xx_ll_usb.o(i.USB_FlushTxFifo), (6 bytes).
    Removing stm32f1xx_ll_usb.o(i.USB_ReadDevAllInEpInterrupt), (6 bytes).
    Removing stm32f1xx_ll_usb.o(i.USB_ReadDevAllOutEpInterrupt), (6 bytes).
    Removing stm32f1xx_ll_usb.o(i.USB_ReadDevInEPInterrupt), (6 bytes).
    Removing stm32f1xx_ll_usb.o(i.USB_ReadDevOutEPInterrupt), (6 bytes).
    Removing stm32f1xx_ll_usb.o(i.USB_ReadInterrupts), (8 bytes).
    Removing stm32f1xx_ll_usb.o(i.USB_ReadPMA), (74 bytes).
    Removing stm32f1xx_ll_usb.o(i.USB_SetCurrentMode), (6 bytes).
    Removing stm32f1xx_ll_usb.o(i.USB_SetDevAddress), (14 bytes).
    Removing stm32f1xx_ll_usb.o(i.USB_StopDevice), (22 bytes).
    Removing stm32f1xx_ll_usb.o(i.USB_WritePMA), (64 bytes).
    Removing main.o(.rev16_text), (4 bytes).
    Removing main.o(.revsh_text), (4 bytes).
    Removing main.o(.rrx_text), (6 bytes).
    Removing main.o(i.Error_Handler), (2 bytes).
    Removing stm32f1xx_it.o(.rev16_text), (4 bytes).
    Removing stm32f1xx_it.o(.revsh_text), (4 bytes).
    Removing stm32f1xx_it.o(.rrx_text), (6 bytes).
    Removing bsp_led.o(.rev16_text), (4 bytes).
    Removing bsp_led.o(.revsh_text), (4 bytes).
    Removing bsp_led.o(.rrx_text), (6 bytes).
    Removing bsp_debug_usart.o(.rev16_text), (4 bytes).
    Removing bsp_debug_usart.o(.revsh_text), (4 bytes).
    Removing bsp_debug_usart.o(.rrx_text), (6 bytes).
    Removing bsp_debug_usart.o(i.Usart_SendString), (36 bytes).
    Removing bsp_debug_usart.o(i.fgetc), (28 bytes).
    Removing max30102.o(.rev16_text), (4 bytes).
    Removing max30102.o(.revsh_text), (4 bytes).
    Removing max30102.o(.rrx_text), (6 bytes).
    Removing max30102_fir.o(.rev16_text), (4 bytes).
    Removing max30102_fir.o(.revsh_text), (4 bytes).
    Removing max30102_fir.o(.rrx_text), (6 bytes).
    Removing bsp_i2c.o(.rev16_text), (4 bytes).
    Removing bsp_i2c.o(.revsh_text), (4 bytes).
    Removing bsp_i2c.o(.rrx_text), (6 bytes).
    Removing arm_fir_f32.o(.rev16_text), (4 bytes).
    Removing arm_fir_f32.o(.revsh_text), (4 bytes).
    Removing arm_fir_f32.o(.rrx_text), (6 bytes).
    Removing arm_fir_init_f32.o(.rev16_text), (4 bytes).
    Removing arm_fir_init_f32.o(.revsh_text), (4 bytes).
    Removing arm_fir_init_f32.o(.rrx_text), (6 bytes).

954 unused section(s) (total 94000 bytes) removed from the image.

==============================================================================

Image Symbol Table

    Local Symbols

    Symbol Name                              Value     Ov Type        Size  Object(Section)

    ../clib/microlib/division.c              0x00000000   Number         0  uldiv.o ABSOLUTE
    ../clib/microlib/division.c              0x00000000   Number         0  uidiv.o ABSOLUTE
    ../clib/microlib/init/entry.s            0x00000000   Number         0  entry7a.o ABSOLUTE
    ../clib/microlib/init/entry.s            0x00000000   Number         0  entry2.o ABSOLUTE
    ../clib/microlib/init/entry.s            0x00000000   Number         0  entry8b.o ABSOLUTE
    ../clib/microlib/init/entry.s            0x00000000   Number         0  entry11a.o ABSOLUTE
    ../clib/microlib/init/entry.s            0x00000000   Number         0  entry11b.o ABSOLUTE
    ../clib/microlib/init/entry.s            0x00000000   Number         0  entry8a.o ABSOLUTE
    ../clib/microlib/init/entry.s            0x00000000   Number         0  entry7b.o ABSOLUTE
    ../clib/microlib/init/entry.s            0x00000000   Number         0  entry10b.o ABSOLUTE
    ../clib/microlib/init/entry.s            0x00000000   Number         0  entry.o ABSOLUTE
    ../clib/microlib/init/entry.s            0x00000000   Number         0  entry9a.o ABSOLUTE
    ../clib/microlib/init/entry.s            0x00000000   Number         0  entry9b.o ABSOLUTE
    ../clib/microlib/init/entry.s            0x00000000   Number         0  entry5.o ABSOLUTE
    ../clib/microlib/init/entry.s            0x00000000   Number         0  entry10a.o ABSOLUTE
    ../clib/microlib/longlong.c              0x00000000   Number         0  llshl.o ABSOLUTE
    ../clib/microlib/longlong.c              0x00000000   Number         0  llsshr.o ABSOLUTE
    ../clib/microlib/longlong.c              0x00000000   Number         0  llushr.o ABSOLUTE
    ../clib/microlib/printf/printf.c         0x00000000   Number         0  printfb.o ABSOLUTE
    ../clib/microlib/printf/printf.c         0x00000000   Number         0  printf1.o ABSOLUTE
    ../clib/microlib/printf/printf.c         0x00000000   Number         0  printf2.o ABSOLUTE
    ../clib/microlib/printf/printf.c         0x00000000   Number         0  printf3.o ABSOLUTE
    ../clib/microlib/printf/printf.c         0x00000000   Number         0  printf4.o ABSOLUTE
    ../clib/microlib/printf/printf.c         0x00000000   Number         0  printf5.o ABSOLUTE
    ../clib/microlib/printf/printf.c         0x00000000   Number         0  printf6.o ABSOLUTE
    ../clib/microlib/printf/printf.c         0x00000000   Number         0  printf8.o ABSOLUTE
    ../clib/microlib/printf/printf.c         0x00000000   Number         0  printf0.o ABSOLUTE
    ../clib/microlib/printf/printf.c         0x00000000   Number         0  printf7.o ABSOLUTE
    ../clib/microlib/printf/printf.c         0x00000000   Number         0  printfa.o ABSOLUTE
    ../clib/microlib/printf/stubs.s          0x00000000   Number         0  stubs.o ABSOLUTE
    ../clib/microlib/stdio/streams.c         0x00000000   Number         0  stdout.o ABSOLUTE
    ../clib/microlib/string/memcpy.c         0x00000000   Number         0  memcpyb.o ABSOLUTE
    ../clib/microlib/string/memcpy.c         0x00000000   Number         0  memcpya.o ABSOLUTE
    ../clib/microlib/string/memset.c         0x00000000   Number         0  memseta.o ABSOLUTE
    ../clib/microlib/stubs.s                 0x00000000   Number         0  iusefp.o ABSOLUTE
    ../fplib/microlib/d2f.c                  0x00000000   Number         0  d2f.o ABSOLUTE
    ../fplib/microlib/f2d.c                  0x00000000   Number         0  f2d.o ABSOLUTE
    ../fplib/microlib/fpadd.c                0x00000000   Number         0  fadd.o ABSOLUTE
    ../fplib/microlib/fpadd.c                0x00000000   Number         0  dadd.o ABSOLUTE
    ../fplib/microlib/fpdiv.c                0x00000000   Number         0  ddiv.o ABSOLUTE
    ../fplib/microlib/fpdiv.c                0x00000000   Number         0  fdiv.o ABSOLUTE
    ../fplib/microlib/fpepilogue.c           0x00000000   Number         0  depilogue.o ABSOLUTE
    ../fplib/microlib/fpepilogue.c           0x00000000   Number         0  fepilogue.o ABSOLUTE
    ../fplib/microlib/fpfix.c                0x00000000   Number         0  ffixui.o ABSOLUTE
    ../fplib/microlib/fpfix.c                0x00000000   Number         0  dfixul.o ABSOLUTE
    ../fplib/microlib/fpflt.c                0x00000000   Number         0  ffltui.o ABSOLUTE
    ../fplib/microlib/fpmul.c                0x00000000   Number         0  fmul.o ABSOLUTE
    ../fplib/microlib/fpmul.c                0x00000000   Number         0  dmul.o ABSOLUTE
    ..\..\Source\FilteringFunctions\arm_fir_f32.c 0x00000000   Number         0  arm_fir_f32.o ABSOLUTE
    ..\..\Source\FilteringFunctions\arm_fir_init_f32.c 0x00000000   Number         0  arm_fir_init_f32.o ABSOLUTE
    ..\Drivers\CMSIS\Device\ST\STM32F1xx\Source\Templates\arm\startup_stm32f103xb.s 0x00000000   Number         0  startup_stm32f103xb.o ABSOLUTE
    ..\Drivers\CMSIS\Device\ST\STM32F1xx\Source\Templates\system_stm32f1xx.c 0x00000000   Number         0  system_stm32f1xx.o ABSOLUTE
    ..\Drivers\STM32F1xx_HAL_Driver\Src\stm32f1xx_hal.c 0x00000000   Number         0  stm32f1xx_hal.o ABSOLUTE
    ..\Drivers\STM32F1xx_HAL_Driver\Src\stm32f1xx_hal_adc.c 0x00000000   Number         0  stm32f1xx_hal_adc.o ABSOLUTE
    ..\Drivers\STM32F1xx_HAL_Driver\Src\stm32f1xx_hal_adc_ex.c 0x00000000   Number         0  stm32f1xx_hal_adc_ex.o ABSOLUTE
    ..\Drivers\STM32F1xx_HAL_Driver\Src\stm32f1xx_hal_can.c 0x00000000   Number         0  stm32f1xx_hal_can.o ABSOLUTE
    ..\Drivers\STM32F1xx_HAL_Driver\Src\stm32f1xx_hal_cec.c 0x00000000   Number         0  stm32f1xx_hal_cec.o ABSOLUTE
    ..\Drivers\STM32F1xx_HAL_Driver\Src\stm32f1xx_hal_cortex.c 0x00000000   Number         0  stm32f1xx_hal_cortex.o ABSOLUTE
    ..\Drivers\STM32F1xx_HAL_Driver\Src\stm32f1xx_hal_crc.c 0x00000000   Number         0  stm32f1xx_hal_crc.o ABSOLUTE
    ..\Drivers\STM32F1xx_HAL_Driver\Src\stm32f1xx_hal_dac.c 0x00000000   Number         0  stm32f1xx_hal_dac.o ABSOLUTE
    ..\Drivers\STM32F1xx_HAL_Driver\Src\stm32f1xx_hal_dac_ex.c 0x00000000   Number         0  stm32f1xx_hal_dac_ex.o ABSOLUTE
    ..\Drivers\STM32F1xx_HAL_Driver\Src\stm32f1xx_hal_dma.c 0x00000000   Number         0  stm32f1xx_hal_dma.o ABSOLUTE
    ..\Drivers\STM32F1xx_HAL_Driver\Src\stm32f1xx_hal_eth.c 0x00000000   Number         0  stm32f1xx_hal_eth.o ABSOLUTE
    ..\Drivers\STM32F1xx_HAL_Driver\Src\stm32f1xx_hal_exti.c 0x00000000   Number         0  stm32f1xx_hal_exti.o ABSOLUTE
    ..\Drivers\STM32F1xx_HAL_Driver\Src\stm32f1xx_hal_flash.c 0x00000000   Number         0  stm32f1xx_hal_flash.o ABSOLUTE
    ..\Drivers\STM32F1xx_HAL_Driver\Src\stm32f1xx_hal_flash_ex.c 0x00000000   Number         0  stm32f1xx_hal_flash_ex.o ABSOLUTE
    ..\Drivers\STM32F1xx_HAL_Driver\Src\stm32f1xx_hal_gpio.c 0x00000000   Number         0  stm32f1xx_hal_gpio.o ABSOLUTE
    ..\Drivers\STM32F1xx_HAL_Driver\Src\stm32f1xx_hal_gpio_ex.c 0x00000000   Number         0  stm32f1xx_hal_gpio_ex.o ABSOLUTE
    ..\Drivers\STM32F1xx_HAL_Driver\Src\stm32f1xx_hal_hcd.c 0x00000000   Number         0  stm32f1xx_hal_hcd.o ABSOLUTE
    ..\Drivers\STM32F1xx_HAL_Driver\Src\stm32f1xx_hal_i2c.c 0x00000000   Number         0  stm32f1xx_hal_i2c.o ABSOLUTE
    ..\Drivers\STM32F1xx_HAL_Driver\Src\stm32f1xx_hal_i2s.c 0x00000000   Number         0  stm32f1xx_hal_i2s.o ABSOLUTE
    ..\Drivers\STM32F1xx_HAL_Driver\Src\stm32f1xx_hal_irda.c 0x00000000   Number         0  stm32f1xx_hal_irda.o ABSOLUTE
    ..\Drivers\STM32F1xx_HAL_Driver\Src\stm32f1xx_hal_iwdg.c 0x00000000   Number         0  stm32f1xx_hal_iwdg.o ABSOLUTE
    ..\Drivers\STM32F1xx_HAL_Driver\Src\stm32f1xx_hal_mmc.c 0x00000000   Number         0  stm32f1xx_hal_mmc.o ABSOLUTE
    ..\Drivers\STM32F1xx_HAL_Driver\Src\stm32f1xx_hal_nand.c 0x00000000   Number         0  stm32f1xx_hal_nand.o ABSOLUTE
    ..\Drivers\STM32F1xx_HAL_Driver\Src\stm32f1xx_hal_nor.c 0x00000000   Number         0  stm32f1xx_hal_nor.o ABSOLUTE
    ..\Drivers\STM32F1xx_HAL_Driver\Src\stm32f1xx_hal_pccard.c 0x00000000   Number         0  stm32f1xx_hal_pccard.o ABSOLUTE
    ..\Drivers\STM32F1xx_HAL_Driver\Src\stm32f1xx_hal_pcd.c 0x00000000   Number         0  stm32f1xx_hal_pcd.o ABSOLUTE
    ..\Drivers\STM32F1xx_HAL_Driver\Src\stm32f1xx_hal_pcd_ex.c 0x00000000   Number         0  stm32f1xx_hal_pcd_ex.o ABSOLUTE
    ..\Drivers\STM32F1xx_HAL_Driver\Src\stm32f1xx_hal_pwr.c 0x00000000   Number         0  stm32f1xx_hal_pwr.o ABSOLUTE
    ..\Drivers\STM32F1xx_HAL_Driver\Src\stm32f1xx_hal_rcc.c 0x00000000   Number         0  stm32f1xx_hal_rcc.o ABSOLUTE
    ..\Drivers\STM32F1xx_HAL_Driver\Src\stm32f1xx_hal_rcc_ex.c 0x00000000   Number         0  stm32f1xx_hal_rcc_ex.o ABSOLUTE
    ..\Drivers\STM32F1xx_HAL_Driver\Src\stm32f1xx_hal_rtc.c 0x00000000   Number         0  stm32f1xx_hal_rtc.o ABSOLUTE
    ..\Drivers\STM32F1xx_HAL_Driver\Src\stm32f1xx_hal_rtc_ex.c 0x00000000   Number         0  stm32f1xx_hal_rtc_ex.o ABSOLUTE
    ..\Drivers\STM32F1xx_HAL_Driver\Src\stm32f1xx_hal_sd.c 0x00000000   Number         0  stm32f1xx_hal_sd.o ABSOLUTE
    ..\Drivers\STM32F1xx_HAL_Driver\Src\stm32f1xx_hal_smartcard.c 0x00000000   Number         0  stm32f1xx_hal_smartcard.o ABSOLUTE
    ..\Drivers\STM32F1xx_HAL_Driver\Src\stm32f1xx_hal_spi.c 0x00000000   Number         0  stm32f1xx_hal_spi.o ABSOLUTE
    ..\Drivers\STM32F1xx_HAL_Driver\Src\stm32f1xx_hal_sram.c 0x00000000   Number         0  stm32f1xx_hal_sram.o ABSOLUTE
    ..\Drivers\STM32F1xx_HAL_Driver\Src\stm32f1xx_hal_tim.c 0x00000000   Number         0  stm32f1xx_hal_tim.o ABSOLUTE
    ..\Drivers\STM32F1xx_HAL_Driver\Src\stm32f1xx_hal_tim_ex.c 0x00000000   Number         0  stm32f1xx_hal_tim_ex.o ABSOLUTE
    ..\Drivers\STM32F1xx_HAL_Driver\Src\stm32f1xx_hal_uart.c 0x00000000   Number         0  stm32f1xx_hal_uart.o ABSOLUTE
    ..\Drivers\STM32F1xx_HAL_Driver\Src\stm32f1xx_hal_usart.c 0x00000000   Number         0  stm32f1xx_hal_usart.o ABSOLUTE
    ..\Drivers\STM32F1xx_HAL_Driver\Src\stm32f1xx_hal_wwdg.c 0x00000000   Number         0  stm32f1xx_hal_wwdg.o ABSOLUTE
    ..\Drivers\STM32F1xx_HAL_Driver\Src\stm32f1xx_ll_usb.c 0x00000000   Number         0  stm32f1xx_ll_usb.o ABSOLUTE
    ..\User\i2c\bsp_i2c.c                    0x00000000   Number         0  bsp_i2c.o ABSOLUTE
    ..\User\led\bsp_led.c                    0x00000000   Number         0  bsp_led.o ABSOLUTE
    ..\User\main.c                           0x00000000   Number         0  main.o ABSOLUTE
    ..\User\max30102\max30102.c              0x00000000   Number         0  max30102.o ABSOLUTE
    ..\User\max30102\max30102_fir.c          0x00000000   Number         0  max30102_fir.o ABSOLUTE
    ..\User\stm32f1xx_it.c                   0x00000000   Number         0  stm32f1xx_it.o ABSOLUTE
    ..\User\usart\bsp_debug_usart.c          0x00000000   Number         0  bsp_debug_usart.o ABSOLUTE
    ..\\..\\Source\\FilteringFunctions\\arm_fir_f32.c 0x00000000   Number         0  arm_fir_f32.o ABSOLUTE
    ..\\..\\Source\\FilteringFunctions\\arm_fir_init_f32.c 0x00000000   Number         0  arm_fir_init_f32.o ABSOLUTE
    ..\\Drivers\\CMSIS\\Device\\ST\\STM32F1xx\\Source\\Templates\\system_stm32f1xx.c 0x00000000   Number         0  system_stm32f1xx.o ABSOLUTE
    ..\\Drivers\\STM32F1xx_HAL_Driver\\Src\\stm32f1xx_hal.c 0x00000000   Number         0  stm32f1xx_hal.o ABSOLUTE
    ..\\Drivers\\STM32F1xx_HAL_Driver\\Src\\stm32f1xx_hal_adc.c 0x00000000   Number         0  stm32f1xx_hal_adc.o ABSOLUTE
    ..\\Drivers\\STM32F1xx_HAL_Driver\\Src\\stm32f1xx_hal_adc_ex.c 0x00000000   Number         0  stm32f1xx_hal_adc_ex.o ABSOLUTE
    ..\\Drivers\\STM32F1xx_HAL_Driver\\Src\\stm32f1xx_hal_can.c 0x00000000   Number         0  stm32f1xx_hal_can.o ABSOLUTE
    ..\\Drivers\\STM32F1xx_HAL_Driver\\Src\\stm32f1xx_hal_cec.c 0x00000000   Number         0  stm32f1xx_hal_cec.o ABSOLUTE
    ..\\Drivers\\STM32F1xx_HAL_Driver\\Src\\stm32f1xx_hal_cortex.c 0x00000000   Number         0  stm32f1xx_hal_cortex.o ABSOLUTE
    ..\\Drivers\\STM32F1xx_HAL_Driver\\Src\\stm32f1xx_hal_crc.c 0x00000000   Number         0  stm32f1xx_hal_crc.o ABSOLUTE
    ..\\Drivers\\STM32F1xx_HAL_Driver\\Src\\stm32f1xx_hal_dac.c 0x00000000   Number         0  stm32f1xx_hal_dac.o ABSOLUTE
    ..\\Drivers\\STM32F1xx_HAL_Driver\\Src\\stm32f1xx_hal_dac_ex.c 0x00000000   Number         0  stm32f1xx_hal_dac_ex.o ABSOLUTE
    ..\\Drivers\\STM32F1xx_HAL_Driver\\Src\\stm32f1xx_hal_dma.c 0x00000000   Number         0  stm32f1xx_hal_dma.o ABSOLUTE
    ..\\Drivers\\STM32F1xx_HAL_Driver\\Src\\stm32f1xx_hal_eth.c 0x00000000   Number         0  stm32f1xx_hal_eth.o ABSOLUTE
    ..\\Drivers\\STM32F1xx_HAL_Driver\\Src\\stm32f1xx_hal_exti.c 0x00000000   Number         0  stm32f1xx_hal_exti.o ABSOLUTE
    ..\\Drivers\\STM32F1xx_HAL_Driver\\Src\\stm32f1xx_hal_flash.c 0x00000000   Number         0  stm32f1xx_hal_flash.o ABSOLUTE
    ..\\Drivers\\STM32F1xx_HAL_Driver\\Src\\stm32f1xx_hal_flash_ex.c 0x00000000   Number         0  stm32f1xx_hal_flash_ex.o ABSOLUTE
    ..\\Drivers\\STM32F1xx_HAL_Driver\\Src\\stm32f1xx_hal_gpio.c 0x00000000   Number         0  stm32f1xx_hal_gpio.o ABSOLUTE
    ..\\Drivers\\STM32F1xx_HAL_Driver\\Src\\stm32f1xx_hal_gpio_ex.c 0x00000000   Number         0  stm32f1xx_hal_gpio_ex.o ABSOLUTE
    ..\\Drivers\\STM32F1xx_HAL_Driver\\Src\\stm32f1xx_hal_hcd.c 0x00000000   Number         0  stm32f1xx_hal_hcd.o ABSOLUTE
    ..\\Drivers\\STM32F1xx_HAL_Driver\\Src\\stm32f1xx_hal_i2c.c 0x00000000   Number         0  stm32f1xx_hal_i2c.o ABSOLUTE
    ..\\Drivers\\STM32F1xx_HAL_Driver\\Src\\stm32f1xx_hal_i2s.c 0x00000000   Number         0  stm32f1xx_hal_i2s.o ABSOLUTE
    ..\\Drivers\\STM32F1xx_HAL_Driver\\Src\\stm32f1xx_hal_irda.c 0x00000000   Number         0  stm32f1xx_hal_irda.o ABSOLUTE
    ..\\Drivers\\STM32F1xx_HAL_Driver\\Src\\stm32f1xx_hal_iwdg.c 0x00000000   Number         0  stm32f1xx_hal_iwdg.o ABSOLUTE
    ..\\Drivers\\STM32F1xx_HAL_Driver\\Src\\stm32f1xx_hal_mmc.c 0x00000000   Number         0  stm32f1xx_hal_mmc.o ABSOLUTE
    ..\\Drivers\\STM32F1xx_HAL_Driver\\Src\\stm32f1xx_hal_nand.c 0x00000000   Number         0  stm32f1xx_hal_nand.o ABSOLUTE
    ..\\Drivers\\STM32F1xx_HAL_Driver\\Src\\stm32f1xx_hal_nor.c 0x00000000   Number         0  stm32f1xx_hal_nor.o ABSOLUTE
    ..\\Drivers\\STM32F1xx_HAL_Driver\\Src\\stm32f1xx_hal_pccard.c 0x00000000   Number         0  stm32f1xx_hal_pccard.o ABSOLUTE
    ..\\Drivers\\STM32F1xx_HAL_Driver\\Src\\stm32f1xx_hal_pcd.c 0x00000000   Number         0  stm32f1xx_hal_pcd.o ABSOLUTE
    ..\\Drivers\\STM32F1xx_HAL_Driver\\Src\\stm32f1xx_hal_pcd_ex.c 0x00000000   Number         0  stm32f1xx_hal_pcd_ex.o ABSOLUTE
    ..\\Drivers\\STM32F1xx_HAL_Driver\\Src\\stm32f1xx_hal_pwr.c 0x00000000   Number         0  stm32f1xx_hal_pwr.o ABSOLUTE
    ..\\Drivers\\STM32F1xx_HAL_Driver\\Src\\stm32f1xx_hal_rcc.c 0x00000000   Number         0  stm32f1xx_hal_rcc.o ABSOLUTE
    ..\\Drivers\\STM32F1xx_HAL_Driver\\Src\\stm32f1xx_hal_rcc_ex.c 0x00000000   Number         0  stm32f1xx_hal_rcc_ex.o ABSOLUTE
    ..\\Drivers\\STM32F1xx_HAL_Driver\\Src\\stm32f1xx_hal_rtc.c 0x00000000   Number         0  stm32f1xx_hal_rtc.o ABSOLUTE
    ..\\Drivers\\STM32F1xx_HAL_Driver\\Src\\stm32f1xx_hal_rtc_ex.c 0x00000000   Number         0  stm32f1xx_hal_rtc_ex.o ABSOLUTE
    ..\\Drivers\\STM32F1xx_HAL_Driver\\Src\\stm32f1xx_hal_sd.c 0x00000000   Number         0  stm32f1xx_hal_sd.o ABSOLUTE
    ..\\Drivers\\STM32F1xx_HAL_Driver\\Src\\stm32f1xx_hal_smartcard.c 0x00000000   Number         0  stm32f1xx_hal_smartcard.o ABSOLUTE
    ..\\Drivers\\STM32F1xx_HAL_Driver\\Src\\stm32f1xx_hal_spi.c 0x00000000   Number         0  stm32f1xx_hal_spi.o ABSOLUTE
    ..\\Drivers\\STM32F1xx_HAL_Driver\\Src\\stm32f1xx_hal_sram.c 0x00000000   Number         0  stm32f1xx_hal_sram.o ABSOLUTE
    ..\\Drivers\\STM32F1xx_HAL_Driver\\Src\\stm32f1xx_hal_tim.c 0x00000000   Number         0  stm32f1xx_hal_tim.o ABSOLUTE
    ..\\Drivers\\STM32F1xx_HAL_Driver\\Src\\stm32f1xx_hal_tim_ex.c 0x00000000   Number         0  stm32f1xx_hal_tim_ex.o ABSOLUTE
    ..\\Drivers\\STM32F1xx_HAL_Driver\\Src\\stm32f1xx_hal_uart.c 0x00000000   Number         0  stm32f1xx_hal_uart.o ABSOLUTE
    ..\\Drivers\\STM32F1xx_HAL_Driver\\Src\\stm32f1xx_hal_usart.c 0x00000000   Number         0  stm32f1xx_hal_usart.o ABSOLUTE
    ..\\Drivers\\STM32F1xx_HAL_Driver\\Src\\stm32f1xx_hal_wwdg.c 0x00000000   Number         0  stm32f1xx_hal_wwdg.o ABSOLUTE
    ..\\Drivers\\STM32F1xx_HAL_Driver\\Src\\stm32f1xx_ll_usb.c 0x00000000   Number         0  stm32f1xx_ll_usb.o ABSOLUTE
    ..\\User\\i2c\\bsp_i2c.c                 0x00000000   Number         0  bsp_i2c.o ABSOLUTE
    ..\\User\\led\\bsp_led.c                 0x00000000   Number         0  bsp_led.o ABSOLUTE
    ..\\User\\main.c                         0x00000000   Number         0  main.o ABSOLUTE
    ..\\User\\max30102\\max30102.c           0x00000000   Number         0  max30102.o ABSOLUTE
    ..\\User\\max30102\\max30102_fir.c       0x00000000   Number         0  max30102_fir.o ABSOLUTE
    ..\\User\\stm32f1xx_it.c                 0x00000000   Number         0  stm32f1xx_it.o ABSOLUTE
    ..\\User\\usart\\bsp_debug_usart.c       0x00000000   Number         0  bsp_debug_usart.o ABSOLUTE
    cdcmple.s                                0x00000000   Number         0  cdcmple.o ABSOLUTE
    cdrcmple.s                               0x00000000   Number         0  cdrcmple.o ABSOLUTE
    cfcmple.s                                0x00000000   Number         0  cfcmple.o ABSOLUTE
    cfrcmple.s                               0x00000000   Number         0  cfrcmple.o ABSOLUTE
    dc.s                                     0x00000000   Number         0  dc.o ABSOLUTE
    handlers.s                               0x00000000   Number         0  handlers.o ABSOLUTE
    init.s                                   0x00000000   Number         0  init.o ABSOLUTE
    RESET                                    0x08000000   Section      236  startup_stm32f103xb.o(RESET)
    .ARM.Collect$$$$00000000                 0x080000ec   Section        0  entry.o(.ARM.Collect$$$$00000000)
    .ARM.Collect$$$$00000001                 0x080000ec   Section        4  entry2.o(.ARM.Collect$$$$00000001)
    .ARM.Collect$$$$00000004                 0x080000f0   Section        4  entry5.o(.ARM.Collect$$$$00000004)
    .ARM.Collect$$$$00000008                 0x080000f4   Section        0  entry7b.o(.ARM.Collect$$$$00000008)
    .ARM.Collect$$$$0000000A                 0x080000f4   Section        0  entry8b.o(.ARM.Collect$$$$0000000A)
    .ARM.Collect$$$$0000000B                 0x080000f4   Section        8  entry9a.o(.ARM.Collect$$$$0000000B)
    .ARM.Collect$$$$0000000D                 0x080000fc   Section        0  entry10a.o(.ARM.Collect$$$$0000000D)
    .ARM.Collect$$$$0000000F                 0x080000fc   Section        0  entry11a.o(.ARM.Collect$$$$0000000F)
    .ARM.Collect$$$$00002712                 0x080000fc   Section        4  entry2.o(.ARM.Collect$$$$00002712)
    __lit__00000000                          0x080000fc   Data           4  entry2.o(.ARM.Collect$$$$00002712)
    .text                                    0x08000100   Section       36  startup_stm32f103xb.o(.text)
    .text                                    0x08000124   Section        0  arm_fir_f32.o(.text)
    .text                                    0x08000a06   Section        0  arm_fir_init_f32.o(.text)
    .text                                    0x08000a22   Section        0  llushr.o(.text)
    .text                                    0x08000a42   Section        0  memseta.o(.text)
    .text                                    0x08000a66   Section        0  fadd.o(.text)
    .text                                    0x08000b16   Section        0  fmul.o(.text)
    .text                                    0x08000b7a   Section        0  fdiv.o(.text)
    .text                                    0x08000bf6   Section        0  dadd.o(.text)
    .text                                    0x08000d44   Section        0  dmul.o(.text)
    .text                                    0x08000e28   Section        0  ffltui.o(.text)
    .text                                    0x08000e32   Section        0  ffixui.o(.text)
    .text                                    0x08000e5a   Section        0  f2d.o(.text)
    .text                                    0x08000e80   Section       48  cdcmple.o(.text)
    .text                                    0x08000eb0   Section       48  cdrcmple.o(.text)
    .text                                    0x08000ee0   Section        0  d2f.o(.text)
    .text                                    0x08000f18   Section       20  cfcmple.o(.text)
    .text                                    0x08000f2c   Section       20  cfrcmple.o(.text)
    .text                                    0x08000f40   Section        0  uidiv.o(.text)
    .text                                    0x08000f6c   Section        0  uldiv.o(.text)
    .text                                    0x08000fce   Section        0  llshl.o(.text)
    .text                                    0x08000fec   Section        0  llsshr.o(.text)
    .text                                    0x08001010   Section        0  iusefp.o(.text)
    .text                                    0x08001010   Section        0  fepilogue.o(.text)
    .text                                    0x0800107e   Section        0  depilogue.o(.text)
    .text                                    0x08001138   Section        0  ddiv.o(.text)
    .text                                    0x08001216   Section        0  dfixul.o(.text)
    .text                                    0x08001248   Section       36  init.o(.text)
    i.BusFault_Handler                       0x0800126c   Section        0  stm32f1xx_it.o(i.BusFault_Handler)
    i.DEBUG_USART_Config                     0x08001270   Section        0  bsp_debug_usart.o(i.DEBUG_USART_Config)
    i.DebugMon_Handler                       0x0800129c   Section        0  stm32f1xx_it.o(i.DebugMon_Handler)
    i.EXTI9_5_IRQHandler                     0x0800129e   Section        0  stm32f1xx_it.o(i.EXTI9_5_IRQHandler)
    i.HAL_Delay                              0x080012ac   Section        0  stm32f1xx_hal.o(i.HAL_Delay)
    i.HAL_GPIO_EXTI_Callback                 0x080012d4   Section        0  main.o(i.HAL_GPIO_EXTI_Callback)
    i.HAL_GPIO_EXTI_IRQHandler               0x080012e8   Section        0  stm32f1xx_hal_gpio.o(i.HAL_GPIO_EXTI_IRQHandler)
    i.HAL_GPIO_Init                          0x08001304   Section        0  stm32f1xx_hal_gpio.o(i.HAL_GPIO_Init)
    i.HAL_GetTick                            0x08001624   Section        0  stm32f1xx_hal.o(i.HAL_GetTick)
    i.HAL_I2C_GetState                       0x08001630   Section        0  stm32f1xx_hal_i2c.o(i.HAL_I2C_GetState)
    i.HAL_I2C_Init                           0x08001638   Section        0  stm32f1xx_hal_i2c.o(i.HAL_I2C_Init)
    i.HAL_I2C_Master_Receive                 0x08001808   Section        0  stm32f1xx_hal_i2c.o(i.HAL_I2C_Master_Receive)
    i.HAL_I2C_Master_Transmit                0x08001b74   Section        0  stm32f1xx_hal_i2c.o(i.HAL_I2C_Master_Transmit)
    i.HAL_I2C_MspInit                        0x08001ce4   Section        0  stm32f1xx_hal_i2c.o(i.HAL_I2C_MspInit)
    i.HAL_IncTick                            0x08001ce8   Section        0  stm32f1xx_hal.o(i.HAL_IncTick)
    i.HAL_Init                               0x08001d00   Section        0  stm32f1xx_hal.o(i.HAL_Init)
    i.HAL_InitTick                           0x08001d28   Section        0  stm32f1xx_hal.o(i.HAL_InitTick)
    i.HAL_MspInit                            0x08001d74   Section        0  stm32f1xx_hal.o(i.HAL_MspInit)
    i.HAL_NVIC_EnableIRQ                     0x08001d76   Section        0  stm32f1xx_hal_cortex.o(i.HAL_NVIC_EnableIRQ)
    i.HAL_NVIC_SetPriority                   0x08001d96   Section        0  stm32f1xx_hal_cortex.o(i.HAL_NVIC_SetPriority)
    i.HAL_NVIC_SetPriorityGrouping           0x08001e14   Section        0  stm32f1xx_hal_cortex.o(i.HAL_NVIC_SetPriorityGrouping)
    i.HAL_RCC_ClockConfig                    0x08001e3c   Section        0  stm32f1xx_hal_rcc.o(i.HAL_RCC_ClockConfig)
    i.HAL_RCC_GetHCLKFreq                    0x08001fc8   Section        0  stm32f1xx_hal_rcc.o(i.HAL_RCC_GetHCLKFreq)
    i.HAL_RCC_GetPCLK1Freq                   0x08001fd4   Section        0  stm32f1xx_hal_rcc.o(i.HAL_RCC_GetPCLK1Freq)
    i.HAL_RCC_GetPCLK2Freq                   0x08001ff4   Section        0  stm32f1xx_hal_rcc.o(i.HAL_RCC_GetPCLK2Freq)
    i.HAL_RCC_GetSysClockFreq                0x08002014   Section        0  stm32f1xx_hal_rcc.o(i.HAL_RCC_GetSysClockFreq)
    i.HAL_RCC_OscConfig                      0x08002084   Section        0  stm32f1xx_hal_rcc.o(i.HAL_RCC_OscConfig)
    i.HAL_SYSTICK_Config                     0x080024e8   Section        0  stm32f1xx_hal_cortex.o(i.HAL_SYSTICK_Config)
    i.HAL_UART_Init                          0x0800251c   Section        0  stm32f1xx_hal_uart.o(i.HAL_UART_Init)
    i.HAL_UART_MspInit                       0x08002594   Section        0  bsp_debug_usart.o(i.HAL_UART_MspInit)
    i.HAL_UART_Transmit                      0x08002620   Section        0  stm32f1xx_hal_uart.o(i.HAL_UART_Transmit)
    i.HardFault_Handler                      0x080026d2   Section        0  stm32f1xx_it.o(i.HardFault_Handler)
    i.I2C_IsAcknowledgeFailed                0x080026d6   Section        0  stm32f1xx_hal_i2c.o(i.I2C_IsAcknowledgeFailed)
    I2C_IsAcknowledgeFailed                  0x080026d7   Thumb Code    62  stm32f1xx_hal_i2c.o(i.I2C_IsAcknowledgeFailed)
    i.I2C_MasterRequestRead                  0x08002714   Section        0  stm32f1xx_hal_i2c.o(i.I2C_MasterRequestRead)
    I2C_MasterRequestRead                    0x08002715   Thumb Code   308  stm32f1xx_hal_i2c.o(i.I2C_MasterRequestRead)
    i.I2C_MasterRequestWrite                 0x0800284c   Section        0  stm32f1xx_hal_i2c.o(i.I2C_MasterRequestWrite)
    I2C_MasterRequestWrite                   0x0800284d   Thumb Code   186  stm32f1xx_hal_i2c.o(i.I2C_MasterRequestWrite)
    i.I2C_WaitOnBTFFlagUntilTimeout          0x0800290c   Section        0  stm32f1xx_hal_i2c.o(i.I2C_WaitOnBTFFlagUntilTimeout)
    I2C_WaitOnBTFFlagUntilTimeout            0x0800290d   Thumb Code   102  stm32f1xx_hal_i2c.o(i.I2C_WaitOnBTFFlagUntilTimeout)
    i.I2C_WaitOnFlagUntilTimeout             0x08002972   Section        0  stm32f1xx_hal_i2c.o(i.I2C_WaitOnFlagUntilTimeout)
    I2C_WaitOnFlagUntilTimeout               0x08002973   Thumb Code   190  stm32f1xx_hal_i2c.o(i.I2C_WaitOnFlagUntilTimeout)
    i.I2C_WaitOnMasterAddressFlagUntilTimeout 0x08002a30   Section        0  stm32f1xx_hal_i2c.o(i.I2C_WaitOnMasterAddressFlagUntilTimeout)
    I2C_WaitOnMasterAddressFlagUntilTimeout  0x08002a31   Thumb Code   250  stm32f1xx_hal_i2c.o(i.I2C_WaitOnMasterAddressFlagUntilTimeout)
    i.I2C_WaitOnRXNEFlagUntilTimeout         0x08002b2a   Section        0  stm32f1xx_hal_i2c.o(i.I2C_WaitOnRXNEFlagUntilTimeout)
    I2C_WaitOnRXNEFlagUntilTimeout           0x08002b2b   Thumb Code   138  stm32f1xx_hal_i2c.o(i.I2C_WaitOnRXNEFlagUntilTimeout)
    i.I2C_WaitOnTXEFlagUntilTimeout          0x08002bb4   Section        0  stm32f1xx_hal_i2c.o(i.I2C_WaitOnTXEFlagUntilTimeout)
    I2C_WaitOnTXEFlagUntilTimeout            0x08002bb5   Thumb Code   102  stm32f1xx_hal_i2c.o(i.I2C_WaitOnTXEFlagUntilTimeout)
    i.I2cMaster_Init                         0x08002c1c   Section        0  bsp_i2c.o(i.I2cMaster_Init)
    i.LED_GPIO_Config                        0x08002cf4   Section        0  bsp_led.o(i.LED_GPIO_Config)
    i.MemManage_Handler                      0x08002d94   Section        0  stm32f1xx_it.o(i.MemManage_Handler)
    i.NMI_Handler                            0x08002d98   Section        0  stm32f1xx_it.o(i.NMI_Handler)
    i.PendSV_Handler                         0x08002d9a   Section        0  stm32f1xx_it.o(i.PendSV_Handler)
    i.RCC_Delay                              0x08002d9c   Section        0  stm32f1xx_hal_rcc.o(i.RCC_Delay)
    RCC_Delay                                0x08002d9d   Thumb Code    36  stm32f1xx_hal_rcc.o(i.RCC_Delay)
    i.SVC_Handler                            0x08002dc4   Section        0  stm32f1xx_it.o(i.SVC_Handler)
    i.SysTick_Handler                        0x08002dc6   Section        0  stm32f1xx_it.o(i.SysTick_Handler)
    i.SystemClock_Config                     0x08002dce   Section        0  main.o(i.SystemClock_Config)
    i.SystemInit                             0x08002e2e   Section        0  system_stm32f1xx.o(i.SystemInit)
    i.UART_SetConfig                         0x08002e30   Section        0  stm32f1xx_hal_uart.o(i.UART_SetConfig)
    UART_SetConfig                           0x08002e31   Thumb Code   248  stm32f1xx_hal_uart.o(i.UART_SetConfig)
    i.UART_WaitOnFlagUntilTimeout            0x08002f2c   Section        0  stm32f1xx_hal_uart.o(i.UART_WaitOnFlagUntilTimeout)
    UART_WaitOnFlagUntilTimeout              0x08002f2d   Thumb Code   146  stm32f1xx_hal_uart.o(i.UART_WaitOnFlagUntilTimeout)
    i.UsageFault_Handler                     0x08002fbe   Section        0  stm32f1xx_it.o(i.UsageFault_Handler)
    i.__0printf                              0x08002fc4   Section        0  printfa.o(i.__0printf)
    i.__NVIC_GetPriorityGrouping             0x08002fe4   Section        0  stm32f1xx_hal_cortex.o(i.__NVIC_GetPriorityGrouping)
    __NVIC_GetPriorityGrouping               0x08002fe5   Thumb Code    10  stm32f1xx_hal_cortex.o(i.__NVIC_GetPriorityGrouping)
    i.__NVIC_SetPriority                     0x08002ff4   Section        0  stm32f1xx_hal_cortex.o(i.__NVIC_SetPriority)
    __NVIC_SetPriority                       0x08002ff5   Thumb Code    32  stm32f1xx_hal_cortex.o(i.__NVIC_SetPriority)
    i.__scatterload_copy                     0x0800301c   Section       14  handlers.o(i.__scatterload_copy)
    i.__scatterload_null                     0x0800302a   Section        2  handlers.o(i.__scatterload_null)
    i.__scatterload_zeroinit                 0x0800302c   Section       14  handlers.o(i.__scatterload_zeroinit)
    i._fp_digits                             0x0800303c   Section        0  printfa.o(i._fp_digits)
    _fp_digits                               0x0800303d   Thumb Code   366  printfa.o(i._fp_digits)
    i._printf_core                           0x080031c0   Section        0  printfa.o(i._printf_core)
    _printf_core                             0x080031c1   Thumb Code  1744  printfa.o(i._printf_core)
    i._printf_post_padding                   0x0800389c   Section        0  printfa.o(i._printf_post_padding)
    _printf_post_padding                     0x0800389d   Thumb Code    36  printfa.o(i._printf_post_padding)
    i._printf_pre_padding                    0x080038c0   Section        0  printfa.o(i._printf_pre_padding)
    _printf_pre_padding                      0x080038c1   Thumb Code    46  printfa.o(i._printf_pre_padding)
    i.fputc                                  0x080038f0   Section        0  bsp_debug_usart.o(i.fputc)
    i.ir_max30102_fir                        0x0800390c   Section        0  max30102_fir.o(i.ir_max30102_fir)
    i.main                                   0x0800392c   Section        0  main.o(i.main)
    i.max30102_fifo_read                     0x08003afc   Section        0  max30102.o(i.max30102_fifo_read)
    i.max30102_fir_init                      0x08003b50   Section        0  max30102_fir.o(i.max30102_fir_init)
    i.max30102_getHeartRate                  0x08003b90   Section        0  max30102.o(i.max30102_getHeartRate)
    i.max30102_getSpO2                       0x08003d84   Section        0  max30102.o(i.max30102_getSpO2)
    i.max30102_i2c_read                      0x08003f38   Section        0  max30102.o(i.max30102_i2c_read)
    i.max30102_i2c_write                     0x08003f68   Section        0  max30102.o(i.max30102_i2c_write)
    i.max30102_init                          0x08003f8c   Section        0  max30102.o(i.max30102_init)
    i.max30102_int_gpio_init                 0x0800401c   Section        0  max30102.o(i.max30102_int_gpio_init)
    i.red_max30102_fir                       0x08004094   Section        0  max30102_fir.o(i.red_max30102_fir)
    .constdata                               0x080040b4   Section       24  system_stm32f1xx.o(.constdata)
    .constdata                               0x080040cc   Section       18  stm32f1xx_hal_rcc.o(.constdata)
    aPLLMULFactorTable                       0x080040cc   Data          16  stm32f1xx_hal_rcc.o(.constdata)
    aPredivFactorTable                       0x080040dc   Data           2  stm32f1xx_hal_rcc.o(.constdata)
    .constdata                               0x080040e0   Section      116  max30102_fir.o(.constdata)
    .data                                    0x20000000   Section        4  system_stm32f1xx.o(.data)
    .data                                    0x20000004   Section        9  stm32f1xx_hal.o(.data)
    .data                                    0x2000000d   Section        1  main.o(.data)
    .data                                    0x2000000e   Section       10  max30102.o(.data)
    hr_index                                 0x2000000e   Data           1  max30102.o(.data)
    hr_count                                 0x2000000f   Data           1  max30102.o(.data)
    init_done                                0x20000010   Data           1  max30102.o(.data)
    sample_counter                           0x20000012   Data           2  max30102.o(.data)
    consecutive_invalid                      0x20000014   Data           1  max30102.o(.data)
    last_valid_hr                            0x20000016   Data           2  max30102.o(.data)
    .data                                    0x20000018   Section        8  max30102_fir.o(.data)
    .data                                    0x20000020   Section        4  stdout.o(.data)
    .bss                                     0x20000024   Section     2484  main.o(.bss)
    .bss                                     0x200009d8   Section       72  bsp_debug_usart.o(.bss)
    .bss                                     0x20000a20   Section       10  max30102.o(.bss)
    hr_history                               0x20000a20   Data          10  max30102.o(.bss)
    .bss                                     0x20000a2c   Section      256  max30102_fir.o(.bss)
    firStateF32_ir                           0x20000a44   Data         116  max30102_fir.o(.bss)
    firStateF32_red                          0x20000ab8   Data         116  max30102_fir.o(.bss)
    STACK                                    0x20000b30   Section     1024  startup_stm32f103xb.o(STACK)

    Global Symbols

    Symbol Name                              Value     Ov Type        Size  Object(Section)

    BuildAttributes$$THM_ISAv4$P$D$K$B$S$PE$A:L22UL41UL21$X:L11$S22US41US21$IEEE1$IW$USESV6$~STKCKD$USESV7$~SHL$OTIME$ROPI$EBA8$MICROLIB$REQ8$PRES8$EABIv2 0x00000000   Number         0  anon$$obj.o ABSOLUTE
    __ARM_use_no_argv                        0x00000000   Number         0  main.o ABSOLUTE
    _printf_a                                0x00000000   Number         0  stubs.o ABSOLUTE
    _printf_c                                0x00000000   Number         0  stubs.o ABSOLUTE
    _printf_charcount                        0x00000000   Number         0  stubs.o ABSOLUTE
    _printf_d                                0x00000000   Number         0  stubs.o ABSOLUTE
    _printf_e                                0x00000000   Number         0  stubs.o ABSOLUTE
    _printf_f                                0x00000000   Number         0  stubs.o ABSOLUTE
    _printf_flags                            0x00000000   Number         0  stubs.o ABSOLUTE
    _printf_fp_dec                           0x00000000   Number         0  stubs.o ABSOLUTE
    _printf_fp_hex                           0x00000000   Number         0  stubs.o ABSOLUTE
    _printf_g                                0x00000000   Number         0  stubs.o ABSOLUTE
    _printf_i                                0x00000000   Number         0  stubs.o ABSOLUTE
    _printf_int_dec                          0x00000000   Number         0  stubs.o ABSOLUTE
    _printf_l                                0x00000000   Number         0  stubs.o ABSOLUTE
    _printf_lc                               0x00000000   Number         0  stubs.o ABSOLUTE
    _printf_ll                               0x00000000   Number         0  stubs.o ABSOLUTE
    _printf_lld                              0x00000000   Number         0  stubs.o ABSOLUTE
    _printf_lli                              0x00000000   Number         0  stubs.o ABSOLUTE
    _printf_llo                              0x00000000   Number         0  stubs.o ABSOLUTE
    _printf_llu                              0x00000000   Number         0  stubs.o ABSOLUTE
    _printf_llx                              0x00000000   Number         0  stubs.o ABSOLUTE
    _printf_longlong_dec                     0x00000000   Number         0  stubs.o ABSOLUTE
    _printf_longlong_hex                     0x00000000   Number         0  stubs.o ABSOLUTE
    _printf_longlong_oct                     0x00000000   Number         0  stubs.o ABSOLUTE
    _printf_ls                               0x00000000   Number         0  stubs.o ABSOLUTE
    _printf_mbtowc                           0x00000000   Number         0  stubs.o ABSOLUTE
    _printf_n                                0x00000000   Number         0  stubs.o ABSOLUTE
    _printf_o                                0x00000000   Number         0  stubs.o ABSOLUTE
    _printf_p                                0x00000000   Number         0  stubs.o ABSOLUTE
    _printf_percent                          0x00000000   Number         0  stubs.o ABSOLUTE
    _printf_pre_padding                      0x00000000   Number         0  stubs.o ABSOLUTE
    _printf_return_value                     0x00000000   Number         0  stubs.o ABSOLUTE
    _printf_s                                0x00000000   Number         0  stubs.o ABSOLUTE
    _printf_sizespec                         0x00000000   Number         0  stubs.o ABSOLUTE
    _printf_str                              0x00000000   Number         0  stubs.o ABSOLUTE
    _printf_truncate_signed                  0x00000000   Number         0  stubs.o ABSOLUTE
    _printf_truncate_unsigned                0x00000000   Number         0  stubs.o ABSOLUTE
    _printf_u                                0x00000000   Number         0  stubs.o ABSOLUTE
    _printf_wc                               0x00000000   Number         0  stubs.o ABSOLUTE
    _printf_wctomb                           0x00000000   Number         0  stubs.o ABSOLUTE
    _printf_widthprec                        0x00000000   Number         0  stubs.o ABSOLUTE
    _printf_x                                0x00000000   Number         0  stubs.o ABSOLUTE
    __cpp_initialize__aeabi_                  - Undefined Weak Reference
    __cxa_finalize                            - Undefined Weak Reference
    __decompress                              - Undefined Weak Reference
    _clock_init                               - Undefined Weak Reference
    _microlib_exit                            - Undefined Weak Reference
    __Vectors_Size                           0x000000ec   Number         0  startup_stm32f103xb.o ABSOLUTE
    __Vectors                                0x08000000   Data           4  startup_stm32f103xb.o(RESET)
    __Vectors_End                            0x080000ec   Data           0  startup_stm32f103xb.o(RESET)
    __main                                   0x080000ed   Thumb Code     0  entry.o(.ARM.Collect$$$$00000000)
    _main_stk                                0x080000ed   Thumb Code     0  entry2.o(.ARM.Collect$$$$00000001)
    _main_scatterload                        0x080000f1   Thumb Code     0  entry5.o(.ARM.Collect$$$$00000004)
    __main_after_scatterload                 0x080000f5   Thumb Code     0  entry5.o(.ARM.Collect$$$$00000004)
    _main_clock                              0x080000f5   Thumb Code     0  entry7b.o(.ARM.Collect$$$$00000008)
    _main_cpp_init                           0x080000f5   Thumb Code     0  entry8b.o(.ARM.Collect$$$$0000000A)
    _main_init                               0x080000f5   Thumb Code     0  entry9a.o(.ARM.Collect$$$$0000000B)
    __rt_final_cpp                           0x080000fd   Thumb Code     0  entry10a.o(.ARM.Collect$$$$0000000D)
    __rt_final_exit                          0x080000fd   Thumb Code     0  entry11a.o(.ARM.Collect$$$$0000000F)
    Reset_Handler                            0x08000101   Thumb Code     8  startup_stm32f103xb.o(.text)
    ADC1_2_IRQHandler                        0x0800011b   Thumb Code     0  startup_stm32f103xb.o(.text)
    CAN1_RX1_IRQHandler                      0x0800011b   Thumb Code     0  startup_stm32f103xb.o(.text)
    CAN1_SCE_IRQHandler                      0x0800011b   Thumb Code     0  startup_stm32f103xb.o(.text)
    DMA1_Channel1_IRQHandler                 0x0800011b   Thumb Code     0  startup_stm32f103xb.o(.text)
    DMA1_Channel2_IRQHandler                 0x0800011b   Thumb Code     0  startup_stm32f103xb.o(.text)
    DMA1_Channel3_IRQHandler                 0x0800011b   Thumb Code     0  startup_stm32f103xb.o(.text)
    DMA1_Channel4_IRQHandler                 0x0800011b   Thumb Code     0  startup_stm32f103xb.o(.text)
    DMA1_Channel5_IRQHandler                 0x0800011b   Thumb Code     0  startup_stm32f103xb.o(.text)
    DMA1_Channel6_IRQHandler                 0x0800011b   Thumb Code     0  startup_stm32f103xb.o(.text)
    DMA1_Channel7_IRQHandler                 0x0800011b   Thumb Code     0  startup_stm32f103xb.o(.text)
    EXTI0_IRQHandler                         0x0800011b   Thumb Code     0  startup_stm32f103xb.o(.text)
    EXTI15_10_IRQHandler                     0x0800011b   Thumb Code     0  startup_stm32f103xb.o(.text)
    EXTI1_IRQHandler                         0x0800011b   Thumb Code     0  startup_stm32f103xb.o(.text)
    EXTI2_IRQHandler                         0x0800011b   Thumb Code     0  startup_stm32f103xb.o(.text)
    EXTI3_IRQHandler                         0x0800011b   Thumb Code     0  startup_stm32f103xb.o(.text)
    EXTI4_IRQHandler                         0x0800011b   Thumb Code     0  startup_stm32f103xb.o(.text)
    FLASH_IRQHandler                         0x0800011b   Thumb Code     0  startup_stm32f103xb.o(.text)
    I2C1_ER_IRQHandler                       0x0800011b   Thumb Code     0  startup_stm32f103xb.o(.text)
    I2C1_EV_IRQHandler                       0x0800011b   Thumb Code     0  startup_stm32f103xb.o(.text)
    I2C2_ER_IRQHandler                       0x0800011b   Thumb Code     0  startup_stm32f103xb.o(.text)
    I2C2_EV_IRQHandler                       0x0800011b   Thumb Code     0  startup_stm32f103xb.o(.text)
    PVD_IRQHandler                           0x0800011b   Thumb Code     0  startup_stm32f103xb.o(.text)
    RCC_IRQHandler                           0x0800011b   Thumb Code     0  startup_stm32f103xb.o(.text)
    RTC_Alarm_IRQHandler                     0x0800011b   Thumb Code     0  startup_stm32f103xb.o(.text)
    RTC_IRQHandler                           0x0800011b   Thumb Code     0  startup_stm32f103xb.o(.text)
    SPI1_IRQHandler                          0x0800011b   Thumb Code     0  startup_stm32f103xb.o(.text)
    SPI2_IRQHandler                          0x0800011b   Thumb Code     0  startup_stm32f103xb.o(.text)
    TAMPER_IRQHandler                        0x0800011b   Thumb Code     0  startup_stm32f103xb.o(.text)
    TIM1_BRK_IRQHandler                      0x0800011b   Thumb Code     0  startup_stm32f103xb.o(.text)
    TIM1_CC_IRQHandler                       0x0800011b   Thumb Code     0  startup_stm32f103xb.o(.text)
    TIM1_TRG_COM_IRQHandler                  0x0800011b   Thumb Code     0  startup_stm32f103xb.o(.text)
    TIM1_UP_IRQHandler                       0x0800011b   Thumb Code     0  startup_stm32f103xb.o(.text)
    TIM2_IRQHandler                          0x0800011b   Thumb Code     0  startup_stm32f103xb.o(.text)
    TIM3_IRQHandler                          0x0800011b   Thumb Code     0  startup_stm32f103xb.o(.text)
    TIM4_IRQHandler                          0x0800011b   Thumb Code     0  startup_stm32f103xb.o(.text)
    USART1_IRQHandler                        0x0800011b   Thumb Code     0  startup_stm32f103xb.o(.text)
    USART2_IRQHandler                        0x0800011b   Thumb Code     0  startup_stm32f103xb.o(.text)
    USART3_IRQHandler                        0x0800011b   Thumb Code     0  startup_stm32f103xb.o(.text)
    USBWakeUp_IRQHandler                     0x0800011b   Thumb Code     0  startup_stm32f103xb.o(.text)
    USB_HP_CAN1_TX_IRQHandler                0x0800011b   Thumb Code     0  startup_stm32f103xb.o(.text)
    USB_LP_CAN1_RX0_IRQHandler               0x0800011b   Thumb Code     0  startup_stm32f103xb.o(.text)
    WWDG_IRQHandler                          0x0800011b   Thumb Code     0  startup_stm32f103xb.o(.text)
    arm_fir_f32                              0x08000125   Thumb Code  2274  arm_fir_f32.o(.text)
    arm_fir_init_f32                         0x08000a07   Thumb Code    28  arm_fir_init_f32.o(.text)
    __aeabi_llsr                             0x08000a23   Thumb Code    32  llushr.o(.text)
    _ll_ushift_r                             0x08000a23   Thumb Code     0  llushr.o(.text)
    __aeabi_memset                           0x08000a43   Thumb Code    14  memseta.o(.text)
    __aeabi_memset4                          0x08000a43   Thumb Code     0  memseta.o(.text)
    __aeabi_memset8                          0x08000a43   Thumb Code     0  memseta.o(.text)
    __aeabi_memclr                           0x08000a51   Thumb Code     4  memseta.o(.text)
    __aeabi_memclr4                          0x08000a51   Thumb Code     0  memseta.o(.text)
    __aeabi_memclr8                          0x08000a51   Thumb Code     0  memseta.o(.text)
    _memset$wrapper                          0x08000a55   Thumb Code    18  memseta.o(.text)
    __aeabi_fadd                             0x08000a67   Thumb Code   164  fadd.o(.text)
    __aeabi_fsub                             0x08000b0b   Thumb Code     6  fadd.o(.text)
    __aeabi_frsub                            0x08000b11   Thumb Code     6  fadd.o(.text)
    __aeabi_fmul                             0x08000b17   Thumb Code   100  fmul.o(.text)
    __aeabi_fdiv                             0x08000b7b   Thumb Code   124  fdiv.o(.text)
    __aeabi_dadd                             0x08000bf7   Thumb Code   322  dadd.o(.text)
    __aeabi_dsub                             0x08000d39   Thumb Code     6  dadd.o(.text)
    __aeabi_drsub                            0x08000d3f   Thumb Code     6  dadd.o(.text)
    __aeabi_dmul                             0x08000d45   Thumb Code   228  dmul.o(.text)
    __aeabi_ui2f                             0x08000e29   Thumb Code    10  ffltui.o(.text)
    __aeabi_f2uiz                            0x08000e33   Thumb Code    40  ffixui.o(.text)
    __aeabi_f2d                              0x08000e5b   Thumb Code    38  f2d.o(.text)
    __aeabi_cdcmpeq                          0x08000e81   Thumb Code     0  cdcmple.o(.text)
    __aeabi_cdcmple                          0x08000e81   Thumb Code    48  cdcmple.o(.text)
    __aeabi_cdrcmple                         0x08000eb1   Thumb Code    48  cdrcmple.o(.text)
    __aeabi_d2f                              0x08000ee1   Thumb Code    56  d2f.o(.text)
    __aeabi_cfcmpeq                          0x08000f19   Thumb Code     0  cfcmple.o(.text)
    __aeabi_cfcmple                          0x08000f19   Thumb Code    20  cfcmple.o(.text)
    __aeabi_cfrcmple                         0x08000f2d   Thumb Code    20  cfrcmple.o(.text)
    __aeabi_uidiv                            0x08000f41   Thumb Code     0  uidiv.o(.text)
    __aeabi_uidivmod                         0x08000f41   Thumb Code    44  uidiv.o(.text)
    __aeabi_uldivmod                         0x08000f6d   Thumb Code    98  uldiv.o(.text)
    __aeabi_llsl                             0x08000fcf   Thumb Code    30  llshl.o(.text)
    _ll_shift_l                              0x08000fcf   Thumb Code     0  llshl.o(.text)
    __aeabi_lasr                             0x08000fed   Thumb Code    36  llsshr.o(.text)
    _ll_sshift_r                             0x08000fed   Thumb Code     0  llsshr.o(.text)
    __I$use$fp                               0x08001011   Thumb Code     0  iusefp.o(.text)
    _float_round                             0x08001011   Thumb Code    18  fepilogue.o(.text)
    _float_epilogue                          0x08001023   Thumb Code    92  fepilogue.o(.text)
    _double_round                            0x0800107f   Thumb Code    30  depilogue.o(.text)
    _double_epilogue                         0x0800109d   Thumb Code   156  depilogue.o(.text)
    __aeabi_ddiv                             0x08001139   Thumb Code   222  ddiv.o(.text)
    __aeabi_d2ulz                            0x08001217   Thumb Code    48  dfixul.o(.text)
    __scatterload                            0x08001249   Thumb Code    28  init.o(.text)
    __scatterload_rt2                        0x08001249   Thumb Code     0  init.o(.text)
    BusFault_Handler                         0x0800126d   Thumb Code     4  stm32f1xx_it.o(i.BusFault_Handler)
    DEBUG_USART_Config                       0x08001271   Thumb Code    36  bsp_debug_usart.o(i.DEBUG_USART_Config)
    DebugMon_Handler                         0x0800129d   Thumb Code     2  stm32f1xx_it.o(i.DebugMon_Handler)
    EXTI9_5_IRQHandler                       0x0800129f   Thumb Code    12  stm32f1xx_it.o(i.EXTI9_5_IRQHandler)
    HAL_Delay                                0x080012ad   Thumb Code    36  stm32f1xx_hal.o(i.HAL_Delay)
    HAL_GPIO_EXTI_Callback                   0x080012d5   Thumb Code    14  main.o(i.HAL_GPIO_EXTI_Callback)
    HAL_GPIO_EXTI_IRQHandler                 0x080012e9   Thumb Code    24  stm32f1xx_hal_gpio.o(i.HAL_GPIO_EXTI_IRQHandler)
    HAL_GPIO_Init                            0x08001305   Thumb Code   766  stm32f1xx_hal_gpio.o(i.HAL_GPIO_Init)
    HAL_GetTick                              0x08001625   Thumb Code     6  stm32f1xx_hal.o(i.HAL_GetTick)
    HAL_I2C_GetState                         0x08001631   Thumb Code     8  stm32f1xx_hal_i2c.o(i.HAL_I2C_GetState)
    HAL_I2C_Init                             0x08001639   Thumb Code   446  stm32f1xx_hal_i2c.o(i.HAL_I2C_Init)
    HAL_I2C_Master_Receive                   0x08001809   Thumb Code   858  stm32f1xx_hal_i2c.o(i.HAL_I2C_Master_Receive)
    HAL_I2C_Master_Transmit                  0x08001b75   Thumb Code   360  stm32f1xx_hal_i2c.o(i.HAL_I2C_Master_Transmit)
    HAL_I2C_MspInit                          0x08001ce5   Thumb Code     2  stm32f1xx_hal_i2c.o(i.HAL_I2C_MspInit)
    HAL_IncTick                              0x08001ce9   Thumb Code    16  stm32f1xx_hal.o(i.HAL_IncTick)
    HAL_Init                                 0x08001d01   Thumb Code    34  stm32f1xx_hal.o(i.HAL_Init)
    HAL_InitTick                             0x08001d29   Thumb Code    64  stm32f1xx_hal.o(i.HAL_InitTick)
    HAL_MspInit                              0x08001d75   Thumb Code     2  stm32f1xx_hal.o(i.HAL_MspInit)
    HAL_NVIC_EnableIRQ                       0x08001d77   Thumb Code    32  stm32f1xx_hal_cortex.o(i.HAL_NVIC_EnableIRQ)
    HAL_NVIC_SetPriority                     0x08001d97   Thumb Code   124  stm32f1xx_hal_cortex.o(i.HAL_NVIC_SetPriority)
    HAL_NVIC_SetPriorityGrouping             0x08001e15   Thumb Code    32  stm32f1xx_hal_cortex.o(i.HAL_NVIC_SetPriorityGrouping)
    HAL_RCC_ClockConfig                      0x08001e3d   Thumb Code   376  stm32f1xx_hal_rcc.o(i.HAL_RCC_ClockConfig)
    HAL_RCC_GetHCLKFreq                      0x08001fc9   Thumb Code     6  stm32f1xx_hal_rcc.o(i.HAL_RCC_GetHCLKFreq)
    HAL_RCC_GetPCLK1Freq                     0x08001fd5   Thumb Code    22  stm32f1xx_hal_rcc.o(i.HAL_RCC_GetPCLK1Freq)
    HAL_RCC_GetPCLK2Freq                     0x08001ff5   Thumb Code    22  stm32f1xx_hal_rcc.o(i.HAL_RCC_GetPCLK2Freq)
    HAL_RCC_GetSysClockFreq                  0x08002015   Thumb Code    92  stm32f1xx_hal_rcc.o(i.HAL_RCC_GetSysClockFreq)
    HAL_RCC_OscConfig                        0x08002085   Thumb Code  1114  stm32f1xx_hal_rcc.o(i.HAL_RCC_OscConfig)
    HAL_SYSTICK_Config                       0x080024e9   Thumb Code    52  stm32f1xx_hal_cortex.o(i.HAL_SYSTICK_Config)
    HAL_UART_Init                            0x0800251d   Thumb Code   118  stm32f1xx_hal_uart.o(i.HAL_UART_Init)
    HAL_UART_MspInit                         0x08002595   Thumb Code   132  bsp_debug_usart.o(i.HAL_UART_MspInit)
    HAL_UART_Transmit                        0x08002621   Thumb Code   178  stm32f1xx_hal_uart.o(i.HAL_UART_Transmit)
    HardFault_Handler                        0x080026d3   Thumb Code     4  stm32f1xx_it.o(i.HardFault_Handler)
    I2cMaster_Init                           0x08002c1d   Thumb Code   194  bsp_i2c.o(i.I2cMaster_Init)
    LED_GPIO_Config                          0x08002cf5   Thumb Code   150  bsp_led.o(i.LED_GPIO_Config)
    MemManage_Handler                        0x08002d95   Thumb Code     4  stm32f1xx_it.o(i.MemManage_Handler)
    NMI_Handler                              0x08002d99   Thumb Code     2  stm32f1xx_it.o(i.NMI_Handler)
    PendSV_Handler                           0x08002d9b   Thumb Code     2  stm32f1xx_it.o(i.PendSV_Handler)
    SVC_Handler                              0x08002dc5   Thumb Code     2  stm32f1xx_it.o(i.SVC_Handler)
    SysTick_Handler                          0x08002dc7   Thumb Code     8  stm32f1xx_it.o(i.SysTick_Handler)
    SystemClock_Config                       0x08002dcf   Thumb Code    96  main.o(i.SystemClock_Config)
    SystemInit                               0x08002e2f   Thumb Code     2  system_stm32f1xx.o(i.SystemInit)
    UsageFault_Handler                       0x08002fbf   Thumb Code     4  stm32f1xx_it.o(i.UsageFault_Handler)
    __0printf                                0x08002fc5   Thumb Code    22  printfa.o(i.__0printf)
    __1printf                                0x08002fc5   Thumb Code     0  printfa.o(i.__0printf)
    __2printf                                0x08002fc5   Thumb Code     0  printfa.o(i.__0printf)
    __c89printf                              0x08002fc5   Thumb Code     0  printfa.o(i.__0printf)
    printf                                   0x08002fc5   Thumb Code     0  printfa.o(i.__0printf)
    __scatterload_copy                       0x0800301d   Thumb Code    14  handlers.o(i.__scatterload_copy)
    __scatterload_null                       0x0800302b   Thumb Code     2  handlers.o(i.__scatterload_null)
    __scatterload_zeroinit                   0x0800302d   Thumb Code    14  handlers.o(i.__scatterload_zeroinit)
    fputc                                    0x080038f1   Thumb Code    22  bsp_debug_usart.o(i.fputc)
    ir_max30102_fir                          0x0800390d   Thumb Code    22  max30102_fir.o(i.ir_max30102_fir)
    main                                     0x0800392d   Thumb Code   212  main.o(i.main)
    max30102_fifo_read                       0x08003afd   Thumb Code    84  max30102.o(i.max30102_fifo_read)
    max30102_fir_init                        0x08003b51   Thumb Code    40  max30102_fir.o(i.max30102_fir_init)
    max30102_getHeartRate                    0x08003b91   Thumb Code   466  max30102.o(i.max30102_getHeartRate)
    max30102_getSpO2                         0x08003d85   Thumb Code   376  max30102.o(i.max30102_getSpO2)
    max30102_i2c_read                        0x08003f39   Thumb Code    44  max30102.o(i.max30102_i2c_read)
    max30102_i2c_write                       0x08003f69   Thumb Code    32  max30102.o(i.max30102_i2c_write)
    max30102_init                            0x08003f8d   Thumb Code   142  max30102.o(i.max30102_init)
    max30102_int_gpio_init                   0x0800401d   Thumb Code   108  max30102.o(i.max30102_int_gpio_init)
    red_max30102_fir                         0x08004095   Thumb Code    22  max30102_fir.o(i.red_max30102_fir)
    AHBPrescTable                            0x080040b4   Data          16  system_stm32f1xx.o(.constdata)
    APBPrescTable                            0x080040c4   Data           8  system_stm32f1xx.o(.constdata)
    firCoeffs32LP                            0x080040e0   Data         116  max30102_fir.o(.constdata)
    Region$$Table$$Base                      0x08004154   Number         0  anon$$obj.o(Region$$Table)
    Region$$Table$$Limit                     0x08004174   Number         0  anon$$obj.o(Region$$Table)
    SystemCoreClock                          0x20000000   Data           4  system_stm32f1xx.o(.data)
    uwTick                                   0x20000004   Data           4  stm32f1xx_hal.o(.data)
    uwTickPrio                               0x20000008   Data           4  stm32f1xx_hal.o(.data)
    uwTickFreq                               0x2000000c   Data           1  stm32f1xx_hal.o(.data)
    max30102_int_flag                        0x2000000d   Data           1  main.o(.data)
    blockSize                                0x20000018   Data           4  max30102_fir.o(.data)
    numBlocks                                0x2000001c   Data           4  max30102_fir.o(.data)
    __stdout                                 0x20000020   Data           4  stdout.o(.data)
    ppg_data_cache_RED                       0x20000024   Data        1200  main.o(.bss)
    ppg_data_cache_IR                        0x200004d4   Data        1200  main.o(.bss)
    I2C_Handle                               0x20000984   Data          84  main.o(.bss)
    UartHandle                               0x200009d8   Data          72  bsp_debug_usart.o(.bss)
    S_ir                                     0x20000a2c   Data          12  max30102_fir.o(.bss)
    S_red                                    0x20000a38   Data          12  max30102_fir.o(.bss)
    __initial_sp                             0x20000f30   Data           0  startup_stm32f103xb.o(STACK)



==============================================================================

Memory Map of the image

  Image Entry point : 0x080000ed

  Load Region LR_IROM1 (Base: 0x08000000, Size: 0x00004198, Max: 0x00010000, ABSOLUTE)

    Execution Region ER_IROM1 (Exec base: 0x08000000, Load base: 0x08000000, Size: 0x00004174, Max: 0x00010000, ABSOLUTE)

    Exec Addr    Load Addr    Size         Type   Attr      Idx    E Section Name        Object

    0x08000000   0x08000000   0x000000ec   Data   RO            3    RESET               startup_stm32f103xb.o
    0x080000ec   0x080000ec   0x00000000   Code   RO         6250  * .ARM.Collect$$$$00000000  mc_w.l(entry.o)
    0x080000ec   0x080000ec   0x00000004   Code   RO         6548    .ARM.Collect$$$$00000001  mc_w.l(entry2.o)
    0x080000f0   0x080000f0   0x00000004   Code   RO         6551    .ARM.Collect$$$$00000004  mc_w.l(entry5.o)
    0x080000f4   0x080000f4   0x00000000   Code   RO         6553    .ARM.Collect$$$$00000008  mc_w.l(entry7b.o)
    0x080000f4   0x080000f4   0x00000000   Code   RO         6555    .ARM.Collect$$$$0000000A  mc_w.l(entry8b.o)
    0x080000f4   0x080000f4   0x00000008   Code   RO         6556    .ARM.Collect$$$$0000000B  mc_w.l(entry9a.o)
    0x080000fc   0x080000fc   0x00000000   Code   RO         6558    .ARM.Collect$$$$0000000D  mc_w.l(entry10a.o)
    0x080000fc   0x080000fc   0x00000000   Code   RO         6560    .ARM.Collect$$$$0000000F  mc_w.l(entry11a.o)
    0x080000fc   0x080000fc   0x00000004   Code   RO         6549    .ARM.Collect$$$$00002712  mc_w.l(entry2.o)
    0x08000100   0x08000100   0x00000024   Code   RO            4    .text               startup_stm32f103xb.o
    0x08000124   0x08000124   0x000008e2   Code   RO         6183    .text               arm_cortexM3l_math.lib(arm_fir_f32.o)
    0x08000a06   0x08000a06   0x0000001c   Code   RO         6229    .text               arm_cortexM3l_math.lib(arm_fir_init_f32.o)
    0x08000a22   0x08000a22   0x00000020   Code   RO         6253    .text               mc_w.l(llushr.o)
    0x08000a42   0x08000a42   0x00000024   Code   RO         6257    .text               mc_w.l(memseta.o)
    0x08000a66   0x08000a66   0x000000b0   Code   RO         6522    .text               mf_w.l(fadd.o)
    0x08000b16   0x08000b16   0x00000064   Code   RO         6524    .text               mf_w.l(fmul.o)
    0x08000b7a   0x08000b7a   0x0000007c   Code   RO         6526    .text               mf_w.l(fdiv.o)
    0x08000bf6   0x08000bf6   0x0000014e   Code   RO         6528    .text               mf_w.l(dadd.o)
    0x08000d44   0x08000d44   0x000000e4   Code   RO         6530    .text               mf_w.l(dmul.o)
    0x08000e28   0x08000e28   0x0000000a   Code   RO         6532    .text               mf_w.l(ffltui.o)
    0x08000e32   0x08000e32   0x00000028   Code   RO         6534    .text               mf_w.l(ffixui.o)
    0x08000e5a   0x08000e5a   0x00000026   Code   RO         6536    .text               mf_w.l(f2d.o)
    0x08000e80   0x08000e80   0x00000030   Code   RO         6538    .text               mf_w.l(cdcmple.o)
    0x08000eb0   0x08000eb0   0x00000030   Code   RO         6540    .text               mf_w.l(cdrcmple.o)
    0x08000ee0   0x08000ee0   0x00000038   Code   RO         6542    .text               mf_w.l(d2f.o)
    0x08000f18   0x08000f18   0x00000014   Code   RO         6544    .text               mf_w.l(cfcmple.o)
    0x08000f2c   0x08000f2c   0x00000014   Code   RO         6546    .text               mf_w.l(cfrcmple.o)
    0x08000f40   0x08000f40   0x0000002c   Code   RO         6563    .text               mc_w.l(uidiv.o)
    0x08000f6c   0x08000f6c   0x00000062   Code   RO         6565    .text               mc_w.l(uldiv.o)
    0x08000fce   0x08000fce   0x0000001e   Code   RO         6567    .text               mc_w.l(llshl.o)
    0x08000fec   0x08000fec   0x00000024   Code   RO         6569    .text               mc_w.l(llsshr.o)
    0x08001010   0x08001010   0x00000000   Code   RO         6571    .text               mc_w.l(iusefp.o)
    0x08001010   0x08001010   0x0000006e   Code   RO         6572    .text               mf_w.l(fepilogue.o)
    0x0800107e   0x0800107e   0x000000ba   Code   RO         6574    .text               mf_w.l(depilogue.o)
    0x08001138   0x08001138   0x000000de   Code   RO         6576    .text               mf_w.l(ddiv.o)
    0x08001216   0x08001216   0x00000030   Code   RO         6578    .text               mf_w.l(dfixul.o)
    0x08001246   0x08001246   0x00000002   PAD
    0x08001248   0x08001248   0x00000024   Code   RO         6580    .text               mc_w.l(init.o)
    0x0800126c   0x0800126c   0x00000004   Code   RO         5870    i.BusFault_Handler  stm32f1xx_it.o
    0x08001270   0x08001270   0x0000002c   Code   RO         5978    i.DEBUG_USART_Config  bsp_debug_usart.o
    0x0800129c   0x0800129c   0x00000002   Code   RO         5871    i.DebugMon_Handler  stm32f1xx_it.o
    0x0800129e   0x0800129e   0x0000000c   Code   RO         5872    i.EXTI9_5_IRQHandler  stm32f1xx_it.o
    0x080012aa   0x080012aa   0x00000002   PAD
    0x080012ac   0x080012ac   0x00000028   Code   RO          210    i.HAL_Delay         stm32f1xx_hal.o
    0x080012d4   0x080012d4   0x00000014   Code   RO         5778    i.HAL_GPIO_EXTI_Callback  main.o
    0x080012e8   0x080012e8   0x0000001c   Code   RO         1469    i.HAL_GPIO_EXTI_IRQHandler  stm32f1xx_hal_gpio.o
    0x08001304   0x08001304   0x00000320   Code   RO         1470    i.HAL_GPIO_Init     stm32f1xx_hal_gpio.o
    0x08001624   0x08001624   0x0000000c   Code   RO          214    i.HAL_GetTick       stm32f1xx_hal.o
    0x08001630   0x08001630   0x00000008   Code   RO         1597    i.HAL_I2C_GetState  stm32f1xx_hal_i2c.o
    0x08001638   0x08001638   0x000001d0   Code   RO         1598    i.HAL_I2C_Init      stm32f1xx_hal_i2c.o
    0x08001808   0x08001808   0x0000036c   Code   RO         1604    i.HAL_I2C_Master_Receive  stm32f1xx_hal_i2c.o
    0x08001b74   0x08001b74   0x00000170   Code   RO         1611    i.HAL_I2C_Master_Transmit  stm32f1xx_hal_i2c.o
    0x08001ce4   0x08001ce4   0x00000002   Code   RO         1623    i.HAL_I2C_MspInit   stm32f1xx_hal_i2c.o
    0x08001ce6   0x08001ce6   0x00000002   PAD
    0x08001ce8   0x08001ce8   0x00000018   Code   RO          220    i.HAL_IncTick       stm32f1xx_hal.o
    0x08001d00   0x08001d00   0x00000028   Code   RO          221    i.HAL_Init          stm32f1xx_hal.o
    0x08001d28   0x08001d28   0x0000004c   Code   RO          222    i.HAL_InitTick      stm32f1xx_hal.o
    0x08001d74   0x08001d74   0x00000002   Code   RO          224    i.HAL_MspInit       stm32f1xx_hal.o
    0x08001d76   0x08001d76   0x00000020   Code   RO          911    i.HAL_NVIC_EnableIRQ  stm32f1xx_hal_cortex.o
    0x08001d96   0x08001d96   0x0000007c   Code   RO          917    i.HAL_NVIC_SetPriority  stm32f1xx_hal_cortex.o
    0x08001e12   0x08001e12   0x00000002   PAD
    0x08001e14   0x08001e14   0x00000028   Code   RO          918    i.HAL_NVIC_SetPriorityGrouping  stm32f1xx_hal_cortex.o
    0x08001e3c   0x08001e3c   0x0000018c   Code   RO         2872    i.HAL_RCC_ClockConfig  stm32f1xx_hal_rcc.o
    0x08001fc8   0x08001fc8   0x0000000c   Code   RO         2877    i.HAL_RCC_GetHCLKFreq  stm32f1xx_hal_rcc.o
    0x08001fd4   0x08001fd4   0x00000020   Code   RO         2879    i.HAL_RCC_GetPCLK1Freq  stm32f1xx_hal_rcc.o
    0x08001ff4   0x08001ff4   0x00000020   Code   RO         2880    i.HAL_RCC_GetPCLK2Freq  stm32f1xx_hal_rcc.o
    0x08002014   0x08002014   0x00000070   Code   RO         2881    i.HAL_RCC_GetSysClockFreq  stm32f1xx_hal_rcc.o
    0x08002084   0x08002084   0x00000464   Code   RO         2884    i.HAL_RCC_OscConfig  stm32f1xx_hal_rcc.o
    0x080024e8   0x080024e8   0x00000034   Code   RO          922    i.HAL_SYSTICK_Config  stm32f1xx_hal_cortex.o
    0x0800251c   0x0800251c   0x00000076   Code   RO         4934    i.HAL_UART_Init     stm32f1xx_hal_uart.o
    0x08002592   0x08002592   0x00000002   PAD
    0x08002594   0x08002594   0x0000008c   Code   RO         5979    i.HAL_UART_MspInit  bsp_debug_usart.o
    0x08002620   0x08002620   0x000000b2   Code   RO         4942    i.HAL_UART_Transmit  stm32f1xx_hal_uart.o
    0x080026d2   0x080026d2   0x00000004   Code   RO         5873    i.HardFault_Handler  stm32f1xx_it.o
    0x080026d6   0x080026d6   0x0000003e   Code   RO         1642    i.I2C_IsAcknowledgeFailed  stm32f1xx_hal_i2c.o
    0x08002714   0x08002714   0x00000138   Code   RO         1645    i.I2C_MasterRequestRead  stm32f1xx_hal_i2c.o
    0x0800284c   0x0800284c   0x000000c0   Code   RO         1646    i.I2C_MasterRequestWrite  stm32f1xx_hal_i2c.o
    0x0800290c   0x0800290c   0x00000066   Code   RO         1662    i.I2C_WaitOnBTFFlagUntilTimeout  stm32f1xx_hal_i2c.o
    0x08002972   0x08002972   0x000000be   Code   RO         1663    i.I2C_WaitOnFlagUntilTimeout  stm32f1xx_hal_i2c.o
    0x08002a30   0x08002a30   0x000000fa   Code   RO         1664    i.I2C_WaitOnMasterAddressFlagUntilTimeout  stm32f1xx_hal_i2c.o
    0x08002b2a   0x08002b2a   0x0000008a   Code   RO         1665    i.I2C_WaitOnRXNEFlagUntilTimeout  stm32f1xx_hal_i2c.o
    0x08002bb4   0x08002bb4   0x00000066   Code   RO         1668    i.I2C_WaitOnTXEFlagUntilTimeout  stm32f1xx_hal_i2c.o
    0x08002c1a   0x08002c1a   0x00000002   PAD
    0x08002c1c   0x08002c1c   0x000000d8   Code   RO         6149    i.I2cMaster_Init    bsp_i2c.o
    0x08002cf4   0x08002cf4   0x000000a0   Code   RO         5951    i.LED_GPIO_Config   bsp_led.o
    0x08002d94   0x08002d94   0x00000004   Code   RO         5874    i.MemManage_Handler  stm32f1xx_it.o
    0x08002d98   0x08002d98   0x00000002   Code   RO         5875    i.NMI_Handler       stm32f1xx_it.o
    0x08002d9a   0x08002d9a   0x00000002   Code   RO         5876    i.PendSV_Handler    stm32f1xx_it.o
    0x08002d9c   0x08002d9c   0x00000028   Code   RO         2885    i.RCC_Delay         stm32f1xx_hal_rcc.o
    0x08002dc4   0x08002dc4   0x00000002   Code   RO         5877    i.SVC_Handler       stm32f1xx_it.o
    0x08002dc6   0x08002dc6   0x00000008   Code   RO         5878    i.SysTick_Handler   stm32f1xx_it.o
    0x08002dce   0x08002dce   0x00000060   Code   RO         5779    i.SystemClock_Config  main.o
    0x08002e2e   0x08002e2e   0x00000002   Code   RO           14    i.SystemInit        system_stm32f1xx.o
    0x08002e30   0x08002e30   0x000000fc   Code   RO         4961    i.UART_SetConfig    stm32f1xx_hal_uart.o
    0x08002f2c   0x08002f2c   0x00000092   Code   RO         4965    i.UART_WaitOnFlagUntilTimeout  stm32f1xx_hal_uart.o
    0x08002fbe   0x08002fbe   0x00000004   Code   RO         5879    i.UsageFault_Handler  stm32f1xx_it.o
    0x08002fc2   0x08002fc2   0x00000002   PAD
    0x08002fc4   0x08002fc4   0x00000020   Code   RO         6494    i.__0printf         mc_w.l(printfa.o)
    0x08002fe4   0x08002fe4   0x00000010   Code   RO          924    i.__NVIC_GetPriorityGrouping  stm32f1xx_hal_cortex.o
    0x08002ff4   0x08002ff4   0x00000028   Code   RO          925    i.__NVIC_SetPriority  stm32f1xx_hal_cortex.o
    0x0800301c   0x0800301c   0x0000000e   Code   RO         6584    i.__scatterload_copy  mc_w.l(handlers.o)
    0x0800302a   0x0800302a   0x00000002   Code   RO         6585    i.__scatterload_null  mc_w.l(handlers.o)
    0x0800302c   0x0800302c   0x0000000e   Code   RO         6586    i.__scatterload_zeroinit  mc_w.l(handlers.o)
    0x0800303a   0x0800303a   0x00000002   PAD
    0x0800303c   0x0800303c   0x00000184   Code   RO         6501    i._fp_digits        mc_w.l(printfa.o)
    0x080031c0   0x080031c0   0x000006dc   Code   RO         6502    i._printf_core      mc_w.l(printfa.o)
    0x0800389c   0x0800389c   0x00000024   Code   RO         6503    i._printf_post_padding  mc_w.l(printfa.o)
    0x080038c0   0x080038c0   0x0000002e   Code   RO         6504    i._printf_pre_padding  mc_w.l(printfa.o)
    0x080038ee   0x080038ee   0x00000002   PAD
    0x080038f0   0x080038f0   0x0000001c   Code   RO         5982    i.fputc             bsp_debug_usart.o
    0x0800390c   0x0800390c   0x00000020   Code   RO         6102    i.ir_max30102_fir   max30102_fir.o
    0x0800392c   0x0800392c   0x000001d0   Code   RO         5780    i.main              main.o
    0x08003afc   0x08003afc   0x00000054   Code   RO         6032    i.max30102_fifo_read  max30102.o
    0x08003b50   0x08003b50   0x00000040   Code   RO         6103    i.max30102_fir_init  max30102_fir.o
    0x08003b90   0x08003b90   0x000001f4   Code   RO         6033    i.max30102_getHeartRate  max30102.o
    0x08003d84   0x08003d84   0x000001b4   Code   RO         6034    i.max30102_getSpO2  max30102.o
    0x08003f38   0x08003f38   0x00000030   Code   RO         6035    i.max30102_i2c_read  max30102.o
    0x08003f68   0x08003f68   0x00000024   Code   RO         6036    i.max30102_i2c_write  max30102.o
    0x08003f8c   0x08003f8c   0x0000008e   Code   RO         6037    i.max30102_init     max30102.o
    0x0800401a   0x0800401a   0x00000002   PAD
    0x0800401c   0x0800401c   0x00000078   Code   RO         6038    i.max30102_int_gpio_init  max30102.o
    0x08004094   0x08004094   0x00000020   Code   RO         6104    i.red_max30102_fir  max30102_fir.o
    0x080040b4   0x080040b4   0x00000018   Data   RO           15    .constdata          system_stm32f1xx.o
    0x080040cc   0x080040cc   0x00000012   Data   RO         2886    .constdata          stm32f1xx_hal_rcc.o
    0x080040de   0x080040de   0x00000002   PAD
    0x080040e0   0x080040e0   0x00000074   Data   RO         6106    .constdata          max30102_fir.o
    0x08004154   0x08004154   0x00000020   Data   RO         6582    Region$$Table       anon$$obj.o


    Execution Region RW_IRAM1 (Exec base: 0x20000000, Load base: 0x08004174, Size: 0x00000f30, Max: 0x00005000, ABSOLUTE)

    Exec Addr    Load Addr    Size         Type   Attr      Idx    E Section Name        Object

    0x20000000   0x08004174   0x00000004   Data   RW           16    .data               system_stm32f1xx.o
    0x20000004   0x08004178   0x00000009   Data   RW          228    .data               stm32f1xx_hal.o
    0x2000000d   0x08004181   0x00000001   Data   RW         5782    .data               main.o
    0x2000000e   0x08004182   0x0000000a   Data   RW         6040    .data               max30102.o
    0x20000018   0x0800418c   0x00000008   Data   RW         6107    .data               max30102_fir.o
    0x20000020   0x08004194   0x00000004   Data   RW         6562    .data               mc_w.l(stdout.o)
    0x20000024        -       0x000009b4   Zero   RW         5781    .bss                main.o
    0x200009d8        -       0x00000048   Zero   RW         5983    .bss                bsp_debug_usart.o
    0x20000a20        -       0x0000000a   Zero   RW         6039    .bss                max30102.o
    0x20000a2a   0x08004198   0x00000002   PAD
    0x20000a2c        -       0x00000100   Zero   RW         6105    .bss                max30102_fir.o
    0x20000b2c   0x08004198   0x00000004   PAD
    0x20000b30        -       0x00000400   Zero   RW            1    STACK               startup_stm32f103xb.o


==============================================================================

Image component sizes


      Code (inc. data)   RO Data    RW Data    ZI Data      Debug   Object Name

       212         22          0          0         72       2201   bsp_debug_usart.o
       216         22          0          0          0        993   bsp_i2c.o
       160         10          0          0          0        890   bsp_led.o
       580        258          0          1       2484      18897   main.o
      1366        114          0         10         10       6306   max30102.o
       128         44        116          8        256       2304   max30102_fir.o
        36          8        236          0       1024        896   startup_stm32f103xb.o
       194         36          0          9          0       6123   stm32f1xx_hal.o
       304         22          0          0          0      29227   stm32f1xx_hal_cortex.o
       828         38          0          0          0       2571   stm32f1xx_hal_gpio.o
      3066         54          0          0          0      12075   stm32f1xx_hal_i2c.o
      1748         98         18          0          0       5752   stm32f1xx_hal_rcc.o
       694          4          0          0          0       3636   stm32f1xx_hal_uart.o
        44          0          0          0          0       4035   stm32f1xx_it.o
         2          0         24          4          0     402335   system_stm32f1xx.o

    ----------------------------------------------------------------------
      9592        730        428         32       3852     498241   Object Totals
         0          0         32          0          0          0   (incl. Generated)
        14          0          2          0          6          0   (incl. Padding)

    ----------------------------------------------------------------------

      Code (inc. data)   RO Data    RW Data    ZI Data      Debug   Library Member Name

      2274          0          0          0          0      21506   arm_fir_f32.o
        28          0          0          0          0       1059   arm_fir_init_f32.o
         0          0          0          0          0          0   entry.o
         0          0          0          0          0          0   entry10a.o
         0          0          0          0          0          0   entry11a.o
         8          4          0          0          0          0   entry2.o
         4          0          0          0          0          0   entry5.o
         0          0          0          0          0          0   entry7b.o
         0          0          0          0          0          0   entry8b.o
         8          4          0          0          0          0   entry9a.o
        30          0          0          0          0          0   handlers.o
        36          8          0          0          0         68   init.o
         0          0          0          0          0          0   iusefp.o
        30          0          0          0          0         68   llshl.o
        36          0          0          0          0         68   llsshr.o
        32          0          0          0          0         68   llushr.o
        36          0          0          0          0        108   memseta.o
      2258         90          0          0          0        452   printfa.o
         0          0          0          4          0          0   stdout.o
        44          0          0          0          0         80   uidiv.o
        98          0          0          0          0         92   uldiv.o
        48          0          0          0          0         68   cdcmple.o
        48          0          0          0          0         68   cdrcmple.o
        20          0          0          0          0         68   cfcmple.o
        20          0          0          0          0         68   cfrcmple.o
        56          0          0          0          0         88   d2f.o
       334          0          0          0          0        148   dadd.o
       222          0          0          0          0        100   ddiv.o
       186          0          0          0          0        176   depilogue.o
        48          0          0          0          0         68   dfixul.o
       228          0          0          0          0         96   dmul.o
        38          0          0          0          0         68   f2d.o
       176          0          0          0          0        140   fadd.o
       124          0          0          0          0         88   fdiv.o
       110          0          0          0          0        168   fepilogue.o
        40          0          0          0          0         68   ffixui.o
        10          0          0          0          0         68   ffltui.o
       100          0          0          0          0         76   fmul.o

    ----------------------------------------------------------------------
      6736        106          0          4          0      25193   Library Totals
         6          0          0          0          0          0   (incl. Padding)

    ----------------------------------------------------------------------

      Code (inc. data)   RO Data    RW Data    ZI Data      Debug   Library Name

      2302          0          0          0          0      22565   arm_cortexM3l_math.lib
      2620        106          0          4          0       1004   mc_w.l
      1808          0          0          0          0       1624   mf_w.l

    ----------------------------------------------------------------------
      6736        106          0          4          0      25193   Library Totals

    ----------------------------------------------------------------------

==============================================================================


      Code (inc. data)   RO Data    RW Data    ZI Data      Debug   

     16328        836        428         36       3852     518854   Grand Totals
     16328        836        428         36       3852     518854   ELF Image Totals
     16328        836        428         36          0          0   ROM Totals

==============================================================================

    Total RO  Size (Code + RO Data)                16756 (  16.36kB)
    Total RW  Size (RW Data + ZI Data)              3888 (   3.80kB)
    Total ROM Size (Code + RO Data + RW Data)      16792 (  16.40kB)

==============================================================================

